Archive member included to satisfy reference by file (symbol)

C:/ST/STM32CubeIDE_1.15.1/STM32CubeIDE/plugins/com.st.stm32cube.ide.mcu.externaltools.gnu-tools-for-stm32.12.3.rel1.win32_1.0.100.202403111256/tools/bin/../lib/gcc/arm-none-eabi/12.3.1/../../../../arm-none-eabi/lib/thumb/v7e-m+fp/hard\libc_nano.a(libc_a-exit.o)
                              C:/ST/STM32CubeIDE_1.15.1/STM32CubeIDE/plugins/com.st.stm32cube.ide.mcu.externaltools.gnu-tools-for-stm32.12.3.rel1.win32_1.0.100.202403111256/tools/bin/../lib/gcc/arm-none-eabi/12.3.1/../../../../arm-none-eabi/lib/thumb/v7e-m+fp/hard/crt0.o (exit)
C:/ST/STM32CubeIDE_1.15.1/STM32CubeIDE/plugins/com.st.stm32cube.ide.mcu.externaltools.gnu-tools-for-stm32.12.3.rel1.win32_1.0.100.202403111256/tools/bin/../lib/gcc/arm-none-eabi/12.3.1/../../../../arm-none-eabi/lib/thumb/v7e-m+fp/hard\libc_nano.a(libc_a-findfp.o)
                              C:/ST/STM32CubeIDE_1.15.1/STM32CubeIDE/plugins/com.st.stm32cube.ide.mcu.externaltools.gnu-tools-for-stm32.12.3.rel1.win32_1.0.100.202403111256/tools/bin/../lib/gcc/arm-none-eabi/12.3.1/../../../../arm-none-eabi/lib/thumb/v7e-m+fp/hard\libc_nano.a(libc_a-exit.o) (__stdio_exit_handler)
C:/ST/STM32CubeIDE_1.15.1/STM32CubeIDE/plugins/com.st.stm32cube.ide.mcu.externaltools.gnu-tools-for-stm32.12.3.rel1.win32_1.0.100.202403111256/tools/bin/../lib/gcc/arm-none-eabi/12.3.1/../../../../arm-none-eabi/lib/thumb/v7e-m+fp/hard\libc_nano.a(libc_a-fwalk.o)
                              C:/ST/STM32CubeIDE_1.15.1/STM32CubeIDE/plugins/com.st.stm32cube.ide.mcu.externaltools.gnu-tools-for-stm32.12.3.rel1.win32_1.0.100.202403111256/tools/bin/../lib/gcc/arm-none-eabi/12.3.1/../../../../arm-none-eabi/lib/thumb/v7e-m+fp/hard\libc_nano.a(libc_a-findfp.o) (_fwalk_sglue)
C:/ST/STM32CubeIDE_1.15.1/STM32CubeIDE/plugins/com.st.stm32cube.ide.mcu.externaltools.gnu-tools-for-stm32.12.3.rel1.win32_1.0.100.202403111256/tools/bin/../lib/gcc/arm-none-eabi/12.3.1/../../../../arm-none-eabi/lib/thumb/v7e-m+fp/hard\libc_nano.a(libc_a-snprintf.o)
                              ./Core/Src/main.o (snprintf)
C:/ST/STM32CubeIDE_1.15.1/STM32CubeIDE/plugins/com.st.stm32cube.ide.mcu.externaltools.gnu-tools-for-stm32.12.3.rel1.win32_1.0.100.202403111256/tools/bin/../lib/gcc/arm-none-eabi/12.3.1/../../../../arm-none-eabi/lib/thumb/v7e-m+fp/hard\libc_nano.a(libc_a-sprintf.o)
                              ./Core/Src/main.o (sprintf)
C:/ST/STM32CubeIDE_1.15.1/STM32CubeIDE/plugins/com.st.stm32cube.ide.mcu.externaltools.gnu-tools-for-stm32.12.3.rel1.win32_1.0.100.202403111256/tools/bin/../lib/gcc/arm-none-eabi/12.3.1/../../../../arm-none-eabi/lib/thumb/v7e-m+fp/hard\libc_nano.a(libc_a-stdio.o)
                              C:/ST/STM32CubeIDE_1.15.1/STM32CubeIDE/plugins/com.st.stm32cube.ide.mcu.externaltools.gnu-tools-for-stm32.12.3.rel1.win32_1.0.100.202403111256/tools/bin/../lib/gcc/arm-none-eabi/12.3.1/../../../../arm-none-eabi/lib/thumb/v7e-m+fp/hard\libc_nano.a(libc_a-findfp.o) (__sread)
C:/ST/STM32CubeIDE_1.15.1/STM32CubeIDE/plugins/com.st.stm32cube.ide.mcu.externaltools.gnu-tools-for-stm32.12.3.rel1.win32_1.0.100.202403111256/tools/bin/../lib/gcc/arm-none-eabi/12.3.1/../../../../arm-none-eabi/lib/thumb/v7e-m+fp/hard\libc_nano.a(libc_a-memset.o)
                              C:/ST/STM32CubeIDE_1.15.1/STM32CubeIDE/plugins/com.st.stm32cube.ide.mcu.externaltools.gnu-tools-for-stm32.12.3.rel1.win32_1.0.100.202403111256/tools/bin/../lib/gcc/arm-none-eabi/12.3.1/../../../../arm-none-eabi/lib/thumb/v7e-m+fp/hard/crt0.o (memset)
C:/ST/STM32CubeIDE_1.15.1/STM32CubeIDE/plugins/com.st.stm32cube.ide.mcu.externaltools.gnu-tools-for-stm32.12.3.rel1.win32_1.0.100.202403111256/tools/bin/../lib/gcc/arm-none-eabi/12.3.1/../../../../arm-none-eabi/lib/thumb/v7e-m+fp/hard\libc_nano.a(libc_a-closer.o)
                              C:/ST/STM32CubeIDE_1.15.1/STM32CubeIDE/plugins/com.st.stm32cube.ide.mcu.externaltools.gnu-tools-for-stm32.12.3.rel1.win32_1.0.100.202403111256/tools/bin/../lib/gcc/arm-none-eabi/12.3.1/../../../../arm-none-eabi/lib/thumb/v7e-m+fp/hard\libc_nano.a(libc_a-stdio.o) (_close_r)
C:/ST/STM32CubeIDE_1.15.1/STM32CubeIDE/plugins/com.st.stm32cube.ide.mcu.externaltools.gnu-tools-for-stm32.12.3.rel1.win32_1.0.100.202403111256/tools/bin/../lib/gcc/arm-none-eabi/12.3.1/../../../../arm-none-eabi/lib/thumb/v7e-m+fp/hard\libc_nano.a(libc_a-reent.o)
                              C:/ST/STM32CubeIDE_1.15.1/STM32CubeIDE/plugins/com.st.stm32cube.ide.mcu.externaltools.gnu-tools-for-stm32.12.3.rel1.win32_1.0.100.202403111256/tools/bin/../lib/gcc/arm-none-eabi/12.3.1/../../../../arm-none-eabi/lib/thumb/v7e-m+fp/hard\libc_nano.a(libc_a-closer.o) (errno)
C:/ST/STM32CubeIDE_1.15.1/STM32CubeIDE/plugins/com.st.stm32cube.ide.mcu.externaltools.gnu-tools-for-stm32.12.3.rel1.win32_1.0.100.202403111256/tools/bin/../lib/gcc/arm-none-eabi/12.3.1/../../../../arm-none-eabi/lib/thumb/v7e-m+fp/hard\libc_nano.a(libc_a-impure.o)
[...]
Memory Configuration

Name             Origin             Length             Attributes
RAM              0x20000000         0x00020000         xrw
FLASH            0x08000000         0x00080000         xr
*default*        0x00000000         0xffffffff

Linker script and memory map

LOAD C:/ST/STM32CubeIDE_1.15.1/STM32CubeIDE/plugins/com.st.stm32cube.ide.mcu.externaltools.gnu-tools-for-stm32.12.3.rel1.win32_1.0.100.202403111256/tools/bin/../lib/gcc/arm-none-eabi/12.3.1/thumb/v7e-m+fp/hard/crti.o
LOAD C:/ST/STM32CubeIDE_1.15.1/STM32CubeIDE/plugins/com.st.stm32cube.ide.mcu.externaltools.gnu-tools-for-stm32.12.3.rel1.win32_1.0.100.202403111256/tools/bin/../lib/gcc/arm-none-eabi/12.3.1/thumb/v7e-m+fp/hard/crtbegin.o
LOAD C:/ST/STM32CubeIDE_1.15.1/STM32CubeIDE/plugins/com.st.stm32cube.ide.mcu.externaltools.gnu-tools-for-stm32.12.3.rel1.win32_1.0.100.202403111256/tools/bin/../lib/gcc/arm-none-eabi/12.3.1/../../../../arm-none-eabi/lib/thumb/v7e-m+fp/hard/crt0.o
LOAD ./Core/Src/RC522.o
LOAD ./Core/Src/freertos.o
LOAD ./Core/Src/liquidcrystal_i2c.o
LOAD ./Core/Src/main.o
LOAD ./Core/Src/stm32f4xx_hal_msp.o
LOAD ./Core/Src/stm32f4xx_hal_timebase_tim.o
LOAD ./Core/Src/stm32f4xx_it.o
LOAD ./Core/Src/syscalls.o
LOAD ./Core/Src/sysmem.o
LOAD ./Core/Src/system_stm32f4xx.o
LOAD ./Core/Startup/startup_stm32f446retx.o
LOAD ./Drivers/STM32F4xx_HAL_Driver/Src/stm32f4xx_hal.o
LOAD ./Drivers/STM32F4xx_HAL_Driver/Src/stm32f4xx_hal_cortex.o
LOAD ./Drivers/STM32F4xx_HAL_Driver/Src/stm32f4xx_hal_dma.o
LOAD ./Drivers/STM32F4xx_HAL_Driver/Src/stm32f4xx_hal_dma_ex.o
LOAD ./Drivers/STM32F4xx_HAL_Driver/Src/stm32f4xx_hal_exti.o
LOAD ./Drivers/STM32F4xx_HAL_Driver/Src/stm32f4xx_hal_flash.o
LOAD ./Drivers/STM32F4xx_HAL_Driver/Src/stm32f4xx_hal_flash_ex.o
LOAD ./Drivers/STM32F4xx_HAL_Driver/Src/stm32f4xx_hal_flash_ramfunc.o
LOAD ./Drivers/STM32F4xx_HAL_Driver/Src/stm32f4xx_hal_gpio.o
LOAD ./Drivers/STM32F4xx_HAL_Driver/Src/stm32f4xx_hal_i2c.o
LOAD ./Drivers/STM32F4xx_HAL_Driver/Src/stm32f4xx_hal_i2c_ex.o
LOAD ./Drivers/STM32F4xx_HAL_Driver/Src/stm32f4xx_hal_pwr.o
LOAD ./Drivers/STM32F4xx_HAL_Driver/Src/stm32f4xx_hal_pwr_ex.o
LOAD ./Drivers/STM32F4xx_HAL_Driver/Src/stm32f4xx_hal_rcc.o
LOAD ./Drivers/STM32F4xx_HAL_Driver/Src/stm32f4xx_hal_rcc_ex.o
LOAD ./Drivers/STM32F4xx_HAL_Driver/Src/stm32f4xx_hal_rtc.o
LOAD ./Drivers/STM32F4xx_HAL_Driver/Src/stm32f4xx_hal_rtc_ex.o
LOAD ./Drivers/STM32F4xx_HAL_Driver/Src/stm32f4xx_hal_spi.o
LOAD ./Drivers/STM32F4xx_HAL_Driver/Src/stm32f4xx_hal_tim.o
LOAD ./Drivers/STM32F4xx_HAL_Driver/Src/stm32f4xx_hal_tim_ex.o
LOAD ./Drivers/STM32F4xx_HAL_Driver/Src/stm32f4xx_hal_uart.o
LOAD ./Middlewares/Third_Party/FreeRTOS/Source/CMSIS_RTOS_V2/cmsis_os2.o
LOAD ./Middlewares/Third_Party/FreeRTOS/Source/croutine.o
LOAD ./Middlewares/Third_Party/FreeRTOS/Source/event_groups.o
LOAD ./Middlewares/Third_Party/FreeRTOS/Source/list.o
LOAD ./Middlewares/Third_Party/FreeRTOS/Source/queue.o
LOAD ./Middlewares/Third_Party/FreeRTOS/Source/stream_buffer.o
LOAD ./Middlewares/Third_Party/FreeRTOS/Source/tasks.o
LOAD ./Middlewares/Third_Party/FreeRTOS/Source/timers.o
LOAD ./Middlewares/Third_Party/FreeRTOS/Source/portable/GCC/ARM_CM4F/port.o
LOAD ./Middlewares/Third_Party/FreeRTOS/Source/portable/MemMang/heap_4.o
START GROUP
LOAD C:/ST/STM32CubeIDE_1.15.1/STM32CubeIDE/plugins/com.st.stm32cube.ide.mcu.externaltools.gnu-tools-for-stm32.12.3.rel1.win32_1.0.100.202403111256/tools/bin/../lib/gcc/arm-none-eabi/12.3.1/../../../../arm-none-eabi/lib/thumb/v7e-m+fp/hard\libc_nano.a
LOAD C:/ST/STM32CubeIDE_1.15.1/STM32CubeIDE/plugins/com.st.stm32cube.ide.mcu.externaltools.gnu-tools-for-stm32.12.3.rel1.win32_1.0.100.202403111256/tools/bin/../lib/gcc/arm-none-eabi/12.3.1/../../../../arm-none-eabi/lib/thumb/v7e-m+fp/hard\libm.a
END GROUP
START GROUP
LOAD C:/ST/STM32CubeIDE_1.15.1/STM32CubeIDE/plugins/com.st.stm32cube.ide.mcu.externaltools.gnu-tools-for-stm32.12.3.rel1.win32_1.0.100.202403111256/tools/bin/../lib/gcc/arm-none-eabi/12.3.1/thumb/v7e-m+fp/hard\libgcc.a
LOAD C:/ST/STM32CubeIDE_1.15.1/STM32CubeIDE/plugins/com.st.stm32cube.ide.mcu.externaltools.gnu-tools-for-stm32.12.3.rel1.win32_1.0.100.202403111256/tools/bin/../lib/gcc/arm-none-eabi/12.3.1/../../../../arm-none-eabi/lib/thumb/v7e-m+fp/hard\libc_nano.a
END GROUP
START GROUP
LOAD C:/ST/STM32CubeIDE_1.15.1/STM32CubeIDE/plugins/com.st.stm32cube.ide.mcu.externaltools.gnu-tools-for-stm32.12.3.rel1.win32_1.0.100.202403111256/tools/bin/../lib/gcc/arm-none-eabi/12.3.1/thumb/v7e-m+fp/hard\libgcc.a
LOAD C:/ST/STM32CubeIDE_1.15.1/STM32CubeIDE/plugins/com.st.stm32cube.ide.mcu.externaltools.gnu-tools-for-stm32.12.3.rel1.win32_1.0.100.202403111256/tools/bin/../lib/gcc/arm-none-eabi/12.3.1/../../../../arm-none-eabi/lib/thumb/v7e-m+fp/hard\libc_nano.a
LOAD C:/ST/STM32CubeIDE_1.15.1/STM32CubeIDE/plugins/com.st.stm32cube.ide.mcu.externaltools.gnu-tools-for-stm32.12.3.rel1.win32_1.0.100.202403111256/tools/bin/../lib/gcc/arm-none-eabi/12.3.1/../../../../arm-none-eabi/lib/thumb/v7e-m+fp/hard\libnosys.a
END GROUP
START GROUP
LOAD C:/ST/STM32CubeIDE_1.15.1/STM32CubeIDE/plugins/com.st.stm32cube.ide.mcu.externaltools.gnu-tools-for-stm32.12.3.rel1.win32_1.0.100.202403111256/tools/bin/../lib/gcc/arm-none-eabi/12.3.1/thumb/v7e-m+fp/hard\libgcc.a
LOAD C:/ST/STM32CubeIDE_1.15.1/STM32CubeIDE/plugins/com.st.stm32cube.ide.mcu.externaltools.gnu-tools-for-stm32.12.3.rel1.win32_1.0.100.202403111256/tools/bin/../lib/gcc/arm-none-eabi/12.3.1/../../../../arm-none-eabi/lib/thumb/v7e-m+fp/hard\libc_nano.a
LOAD C:/ST/STM32CubeIDE_1.15.1/STM32CubeIDE/plugins/com.st.stm32cube.ide.mcu.externaltools.gnu-tools-for-stm32.12.3.rel1.win32_1.0.100.202403111256/tools/bin/../lib/gcc/arm-none-eabi/12.3.1/../../../../arm-none-eabi/lib/thumb/v7e-m+fp/hard\libnosys.a
END GROUP
LOAD C:/ST/STM32CubeIDE_1.15.1/STM32CubeIDE/plugins/com.st.stm32cube.ide.mcu.externaltools.gnu-tools-for-stm32.12.3.rel1.win32_1.0.100.202403111256/tools/bin/../lib/gcc/arm-none-eabi/12.3.1/thumb/v7e-m+fp/hard/crtend.o
LOAD C:/ST/STM32CubeIDE_1.15.1/STM32CubeIDE/plugins/com.st.stm32cube.ide.mcu.externaltools.gnu-tools-for-stm32.12.3.rel1.win32_1.0.100.202403111256/tools/bin/../lib/gcc/arm-none-eabi/12.3.1/thumb/v7e-m+fp/hard/crtn.o
                0x20020000                        _estack = (ORIGIN (RAM) + LENGTH (RAM))
                0x00000200                        _Min_Heap_Size = 0x200
                0x00000400                        _Min_Stack_Size = 0x400

.isr_vector     0x08000000      0x1c4
                0x08000000                        . = ALIGN (0x4)
 *(.isr_vector)
 .isr_vector    0x08000000      0x1c4 ./Core/Startup/startup_stm32f446retx.o
                0x08000000                g_pfnVectors
                0x080001c4                        . = ALIGN (0x4)

.text           0x080001d0     0xa288
                0x080001d0                        . = ALIGN (0x4)
 *(.text)
 .text          0x080001d0       0x40 C:/ST/STM32CubeIDE_1.15.1/STM32CubeIDE/plugins/com.st.stm32cube.ide.mcu.externaltools.gnu-tools-for-stm32.12.3.rel1.win32_1.0.100.202403111256/tools/bin/../lib/gcc/arm-none-eabi/12.3.1/thumb/v7e-m+fp/hard/crtbegin.o
 .text          0x08000210       0x10 C:/ST/STM32CubeIDE_1.15.1/STM32CubeIDE/plugins/com.st.stm32cube.ide.mcu.externaltools.gnu-tools-for-stm32.12.3.rel1.win32_1.0.100.202403111256/tools/bin/../lib/gcc/arm-none-eabi/12.3.1/../../../../arm-none-eabi/lib/thumb/v7e-m+fp/hard\libc_nano.a(libc_a-strlen.o)
                0x08000210                strlen
 .text          0x08000220       0xa0 C:/ST/STM32CubeIDE_1.15.1/STM32CubeIDE/plugins/com.st.stm32cube.ide.mcu.externaltools.gnu-tools-for-stm32.12.3.rel1.win32_1.0.100.202403111256/tools/bin/../lib/gcc/arm-none-eabi/12.3.1/../../../../arm-none-eabi/lib/thumb/v7e-m+fp/hard\libc_nano.a(libc_a-memchr.o)
                0x08000220                memchr
 .text          0x080002c0       0x30 C:/ST/STM32CubeIDE_1.15.1/STM32CubeIDE/plugins/com.st.stm32cube.ide.mcu.externaltools.gnu-tools-for-stm32.12.3.rel1.win32_1.0.100.202403111256/tools/bin/../lib/gcc/arm-none-eabi/12.3.1/thumb/v7e-m+fp/hard\libgcc.a(_aeabi_uldivmod.o)
                0x080002c0                __aeabi_uldivmod
 .text          0x080002f0      0x2bc C:/ST/STM32CubeIDE_1.15.1/STM32CubeIDE/plugins/com.st.stm32cube.ide.mcu.externaltools.gnu-tools-for-stm32.12.3.rel1.win32_1.0.100.202403111256/tools/bin/../lib/gcc/arm-none-eabi/12.3.1/thumb/v7e-m+fp/hard\libgcc.a(_udivmoddi4.o)
                0x080002f0                __udivmoddi4
 .text          0x080005ac        0x4 C:/ST/STM32CubeIDE_1.15.1/STM32CubeIDE/plugins/com.st.stm32cube.ide.mcu.externaltools.gnu-tools-for-stm32.12.3.rel1.win32_1.0.100.202403111256/tools/bin/../lib/gcc/arm-none-eabi/12.3.1/thumb/v7e-m+fp/hard\libgcc.a(_dvmd_tls.o)
                0x080005ac                __aeabi_idiv0
                0x080005ac                __aeabi_ldiv0
 *(.text*)
 .text.RC522_SPI_Transfer
                0x080005b0       0x2c ./Core/Src/RC522.o
                0x080005b0                RC522_SPI_Transfer
 .text.Write_MFRC522
                0x080005dc       0x50 ./Core/Src/RC522.o
                0x080005dc                Write_MFRC522
 .text.Read_MFRC522
                0x0800062c       0x54 ./Core/Src/RC522.o
                0x0800062c                Read_MFRC522
 .text.SetBitMask
                0x08000680       0x36 ./Core/Src/RC522.o
                0x08000680                SetBitMask
 .text.ClearBitMask
                0x080006b6       0x40 ./Core/Src/RC522.o
                0x080006b6                ClearBitMask
 .text.AntennaOn
                0x080006f6       0x16 ./Core/Src/RC522.o
                0x080006f6                AntennaOn
 .text.MFRC522_Reset
                0x0800070c       0x10 ./Core/Src/RC522.o
                0x0800070c                MFRC522_Reset
 .text.MFRC522_Init
                0x0800071c       0x5c ./Core/Src/RC522.o
                0x0800071c                MFRC522_Init
 .text.MFRC522_ToCard
                0x08000778      0x192 ./Core/Src/RC522.o
                0x08000778                MFRC522_ToCard
 .text.MFRC522_Request
                0x0800090a       0x4a ./Core/Src/RC522.o
                0x0800090a                MFRC522_Request
 .text.MFRC522_Anticoll
                0x08000954       0x7a ./Core/Src/RC522.o
                0x08000954                MFRC522_Anticoll
 *fill*         0x080009ce        0x2 
 .text.HD44780_Init
                0x080009d0      0x108 ./Core/Src/liquidcrystal_i2c.o
                0x080009d0                HD44780_Init
 .text.HD44780_Clear
                0x08000ad8       0x16 ./Core/Src/liquidcrystal_i2c.o
                0x08000ad8                HD44780_Clear
 .text.HD44780_Home
                0x08000aee       0x16 ./Core/Src/liquidcrystal_i2c.o
                0x08000aee                HD44780_Home
 .text.HD44780_SetCursor
                0x08000b04       0x64 ./Core/Src/liquidcrystal_i2c.o
                0x08000b04                HD44780_SetCursor
 .text.HD44780_Display
                0x08000b68       0x2c ./Core/Src/liquidcrystal_i2c.o
                0x08000b68                HD44780_Display
 .text.HD44780_CreateSpecialChar
                0x08000b94       0x52 ./Core/Src/liquidcrystal_i2c.o
                0x08000b94                HD44780_CreateSpecialChar
 .text.HD44780_PrintStr
                0x08000be6       0x2a ./Core/Src/liquidcrystal_i2c.o
                0x08000be6                HD44780_PrintStr
 .text.HD44780_Backlight
                0x08000c10       0x18 ./Core/Src/liquidcrystal_i2c.o
                0x08000c10                HD44780_Backlight
 .text.SendCommand
                0x08000c28       0x1c ./Core/Src/liquidcrystal_i2c.o
 .text.SendChar
                0x08000c44       0x1c ./Core/Src/liquidcrystal_i2c.o
 .text.Send     0x08000c60       0x42 ./Core/Src/liquidcrystal_i2c.o
 .text.Write4Bits
                0x08000ca2       0x22 ./Core/Src/liquidcrystal_i2c.o
 .text.ExpanderWrite
                0x08000cc4       0x38 ./Core/Src/liquidcrystal_i2c.o
 .text.PulseEnable
                0x08000cfc       0x3a ./Core/Src/liquidcrystal_i2c.o
 *fill*         0x08000d36        0x2 
 .text.DelayInit
                0x08000d38       0x54 ./Core/Src/liquidcrystal_i2c.o
 .text.DelayUS  0x08000d8c       0x50 ./Core/Src/liquidcrystal_i2c.o
 .text.main     0x08000ddc      0x124 ./Core/Src/main.o
                0x08000ddc                main
 .text.SystemClock_Config
                0x08000f00       0xe4 ./Core/Src/main.o
                0x08000f00                SystemClock_Config
 .text.MX_I2C1_Init
                0x08000fe4       0x5c ./Core/Src/main.o
 .text.MX_RTC_Init
                0x08001040       0xb4 ./Core/Src/main.o
 .text.MX_SPI1_Init
                0x080010f4       0x6c ./Core/Src/main.o
 .text.MX_USART2_UART_Init
                0x08001160       0x54 ./Core/Src/main.o
 .text.MX_GPIO_Init
                0x080011b4      0x114 ./Core/Src/main.o
 .text.tapcard  0x080012c8       0x30 ./Core/Src/main.o
                0x080012c8                tapcard
 .text.Start_RFID_Task
                0x080012f8      0x114 ./Core/Src/main.o
                0x080012f8                Start_RFID_Task
 .text.Start_LCD_Task
                0x0800140c      0x254 ./Core/Src/main.o
                0x0800140c                Start_LCD_Task
 .text.Start_Uart_Task
                0x08001660      0x1e0 ./Core/Src/main.o
                0x08001660                Start_Uart_Task
 .text.Start_Alarm_Task
                0x08001840       0x90 ./Core/Src/main.o
                0x08001840                Start_Alarm_Task
 .text.My_Timer_Callback
                0x080018d0       0x70 ./Core/Src/main.o
                0x080018d0                My_Timer_Callback
 .text.HAL_TIM_PeriodElapsedCallback
                0x08001940       0x24 ./Core/Src/main.o
                0x08001940                HAL_TIM_PeriodElapsedCallback
 .text.Error_Handler
                0x08001964        0xc ./Core/Src/main.o
                0x08001964                Error_Handler
 .text.HAL_MspInit
                0x08001970       0x58 ./Core/Src/stm32f4xx_hal_msp.o
                0x08001970                HAL_MspInit
 .text.HAL_I2C_MspInit
                0x080019c8       0x90 ./Core/Src/stm32f4xx_hal_msp.o
                0x080019c8                HAL_I2C_MspInit
 .text.HAL_RTC_MspInit
                0x08001a58       0x54 ./Core/Src/stm32f4xx_hal_msp.o
                0x08001a58                HAL_RTC_MspInit
 .text.HAL_SPI_MspInit
                0x08001aac       0x90 ./Core/Src/stm32f4xx_hal_msp.o
                0x08001aac                HAL_SPI_MspInit
 .text.HAL_UART_MspInit
                0x08001b3c       0x90 ./Core/Src/stm32f4xx_hal_msp.o
                0x08001b3c                HAL_UART_MspInit
 .text.HAL_InitTick
                0x08001bcc       0xf8 ./Core/Src/stm32f4xx_hal_timebase_tim.o
                0x08001bcc                HAL_InitTick
 .text.NMI_Handler
                0x08001cc4        0x8 ./Core/Src/stm32f4xx_it.o
                0x08001cc4                NMI_Handler
 .text.HardFault_Handler
                0x08001ccc        0x8 ./Core/Src/stm32f4xx_it.o
                0x08001ccc                HardFault_Handler
 .text.MemManage_Handler
                0x08001cd4        0x8 ./Core/Src/stm32f4xx_it.o
                0x08001cd4                MemManage_Handler
 .text.BusFault_Handler
                0x08001cdc        0x8 ./Core/Src/stm32f4xx_it.o
                0x08001cdc                BusFault_Handler
 .text.UsageFault_Handler
                0x08001ce4        0x8 ./Core/Src/stm32f4xx_it.o
                0x08001ce4                UsageFault_Handler
 .text.DebugMon_Handler
                0x08001cec        0xe ./Core/Src/stm32f4xx_it.o
                0x08001cec                DebugMon_Handler
 *fill*         0x08001cfa        0x2 
 .text.TIM7_IRQHandler
                0x08001cfc       0x14 ./Core/Src/stm32f4xx_it.o
                0x08001cfc                TIM7_IRQHandler
 .text._sbrk    0x08001d10       0x6c ./Core/Src/sysmem.o
                0x08001d10                _sbrk
 .text.SystemInit
                0x08001d7c       0x24 ./Core/Src/system_stm32f4xx.o
                0x08001d7c                SystemInit
 .text.Reset_Handler
                0x08001da0       0x50 ./Core/Startup/startup_stm32f446retx.o
                0x08001da0                Reset_Handler
 .text.Default_Handler
                0x08001df0        0x2 ./Core/Startup/startup_stm32f446retx.o
                0x08001df0                RTC_Alarm_IRQHandler
                0x08001df0                EXTI2_IRQHandler
                0x08001df0                TIM8_CC_IRQHandler
                0x08001df0                FMPI2C1_EV_IRQHandler
                0x08001df0                SPI4_IRQHandler
                0x08001df0                TIM1_CC_IRQHandler
                0x08001df0                DMA2_Stream5_IRQHandler
                0x08001df0                DMA1_Stream5_IRQHandler
                0x08001df0                PVD_IRQHandler
                0x08001df0                SDIO_IRQHandler
                0x08001df0                TAMP_STAMP_IRQHandler
                0x08001df0                CAN2_RX1_IRQHandler
                0x08001df0                EXTI3_IRQHandler
                0x08001df0                TIM8_TRG_COM_TIM14_IRQHandler
                0x08001df0                TIM1_UP_TIM10_IRQHandler
                0x08001df0                TIM8_UP_TIM13_IRQHandler
                0x08001df0                I2C3_ER_IRQHandler
                0x08001df0                EXTI0_IRQHandler
                0x08001df0                I2C2_EV_IRQHandler
                0x08001df0                DMA1_Stream2_IRQHandler
                0x08001df0                CAN1_RX0_IRQHandler
                0x08001df0                FPU_IRQHandler
                0x08001df0                OTG_HS_WKUP_IRQHandler
                0x08001df0                CAN2_SCE_IRQHandler
                0x08001df0                DMA2_Stream2_IRQHandler
                0x08001df0                SPI1_IRQHandler
                0x08001df0                TIM6_DAC_IRQHandler
                0x08001df0                TIM1_BRK_TIM9_IRQHandler
                0x08001df0                DCMI_IRQHandler
                0x08001df0                CAN2_RX0_IRQHandler
                0x08001df0                DMA2_Stream3_IRQHandler
                0x08001df0                SAI2_IRQHandler
                0x08001df0                USART6_IRQHandler
                0x08001df0                USART3_IRQHandler
                0x08001df0                CAN1_RX1_IRQHandler
                0x08001df0                UART5_IRQHandler
                0x08001df0                DMA2_Stream0_IRQHandler
                0x08001df0                TIM4_IRQHandler
                0x08001df0                QUADSPI_IRQHandler
                0x08001df0                I2C1_EV_IRQHandler
                0x08001df0                DMA1_Stream6_IRQHandler
                0x08001df0                DMA1_Stream1_IRQHandler
                0x08001df0                UART4_IRQHandler
                0x08001df0                TIM3_IRQHandler
                0x08001df0                RCC_IRQHandler
                0x08001df0                TIM8_BRK_TIM12_IRQHandler
                0x08001df0                Default_Handler
                0x08001df0                CEC_IRQHandler
                0x08001df0                EXTI15_10_IRQHandler
                0x08001df0                ADC_IRQHandler
                0x08001df0                DMA1_Stream7_IRQHandler
                0x08001df0                CAN2_TX_IRQHandler
                0x08001df0                TIM5_IRQHandler
                0x08001df0                DMA2_Stream7_IRQHandler
                0x08001df0                I2C3_EV_IRQHandler
                0x08001df0                EXTI9_5_IRQHandler
                0x08001df0                RTC_WKUP_IRQHandler
                0x08001df0                SPDIF_RX_IRQHandler
                0x08001df0                SPI2_IRQHandler
                0x08001df0                OTG_HS_EP1_IN_IRQHandler
                0x08001df0                DMA1_Stream0_IRQHandler
                0x08001df0                CAN1_TX_IRQHandler
                0x08001df0                FMPI2C1_ER_IRQHandler
                0x08001df0                EXTI4_IRQHandler
                0x08001df0                OTG_HS_EP1_OUT_IRQHandler
                0x08001df0                WWDG_IRQHandler
                0x08001df0                TIM2_IRQHandler
                0x08001df0                OTG_FS_WKUP_IRQHandler
                0x08001df0                TIM1_TRG_COM_TIM11_IRQHandler
                0x08001df0                OTG_HS_IRQHandler
                0x08001df0                EXTI1_IRQHandler
                0x08001df0                USART2_IRQHandler
                0x08001df0                I2C2_ER_IRQHandler
                0x08001df0                DMA2_Stream1_IRQHandler
                0x08001df0                CAN1_SCE_IRQHandler
                0x08001df0                FLASH_IRQHandler
                0x08001df0                DMA2_Stream4_IRQHandler
                0x08001df0                USART1_IRQHandler
                0x08001df0                OTG_FS_IRQHandler
                0x08001df0                SPI3_IRQHandler
                0x08001df0                DMA1_Stream4_IRQHandler
                0x08001df0                I2C1_ER_IRQHandler
                0x08001df0                FMC_IRQHandler
                0x08001df0                DMA2_Stream6_IRQHandler
                0x08001df0                SAI1_IRQHandler
                0x08001df0                DMA1_Stream3_IRQHandler
 *fill*         0x08001df2        0x2 
 .text.HAL_Init
                0x08001df4       0x44 ./Drivers/STM32F4xx_HAL_Driver/Src/stm32f4xx_hal.o
                0x08001df4                HAL_Init
 .text.HAL_IncTick
                0x08001e38       0x28 ./Drivers/STM32F4xx_HAL_Driver/Src/stm32f4xx_hal.o
                0x08001e38                HAL_IncTick
 .text.HAL_GetTick
                0x08001e60       0x18 ./Drivers/STM32F4xx_HAL_Driver/Src/stm32f4xx_hal.o
                0x08001e60                HAL_GetTick
 .text.HAL_Delay
                0x08001e78       0x48 ./Drivers/STM32F4xx_HAL_Driver/Src/stm32f4xx_hal.o
                0x08001e78                HAL_Delay
 .text.__NVIC_SetPriorityGrouping
                0x08001ec0       0x48 ./Drivers/STM32F4xx_HAL_Driver/Src/stm32f4xx_hal_cortex.o
 .text.__NVIC_GetPriorityGrouping
                0x08001f08       0x1c ./Drivers/STM32F4xx_HAL_Driver/Src/stm32f4xx_hal_cortex.o
 .text.__NVIC_EnableIRQ
                0x08001f24       0x3c ./Drivers/STM32F4xx_HAL_Driver/Src/stm32f4xx_hal_cortex.o
 .text.__NVIC_SetPriority
                0x08001f60       0x54 ./Drivers/STM32F4xx_HAL_Driver/Src/stm32f4xx_hal_cortex.o
 .text.NVIC_EncodePriority
                0x08001fb4       0x66 ./Drivers/STM32F4xx_HAL_Driver/Src/stm32f4xx_hal_cortex.o
 .text.HAL_NVIC_SetPriorityGrouping
                0x0800201a       0x16 ./Drivers/STM32F4xx_HAL_Driver/Src/stm32f4xx_hal_cortex.o
                0x0800201a                HAL_NVIC_SetPriorityGrouping
 .text.HAL_NVIC_SetPriority
                0x08002030       0x38 ./Drivers/STM32F4xx_HAL_Driver/Src/stm32f4xx_hal_cortex.o
                0x08002030                HAL_NVIC_SetPriority
 .text.HAL_NVIC_EnableIRQ
                0x08002068       0x1c ./Drivers/STM32F4xx_HAL_Driver/Src/stm32f4xx_hal_cortex.o
                0x08002068                HAL_NVIC_EnableIRQ
 .text.HAL_GPIO_Init
                0x08002084      0x328 ./Drivers/STM32F4xx_HAL_Driver/Src/stm32f4xx_hal_gpio.o
                0x08002084                HAL_GPIO_Init
 .text.HAL_GPIO_WritePin
                0x080023ac       0x32 ./Drivers/STM32F4xx_HAL_Driver/Src/stm32f4xx_hal_gpio.o
                0x080023ac                HAL_GPIO_WritePin
 .text.HAL_GPIO_TogglePin
                0x080023de       0x34 ./Drivers/STM32F4xx_HAL_Driver/Src/stm32f4xx_hal_gpio.o
                0x080023de                HAL_GPIO_TogglePin
 *fill*         0x08002412        0x2 
 .text.HAL_I2C_Init
                0x08002414      0x288 ./Drivers/STM32F4xx_HAL_Driver/Src/stm32f4xx_hal_i2c.o
                0x08002414                HAL_I2C_Init
 .text.HAL_I2C_Master_Transmit
                0x0800269c      0x1fc ./Drivers/STM32F4xx_HAL_Driver/Src/stm32f4xx_hal_i2c.o
                0x0800269c                HAL_I2C_Master_Transmit
 .text.I2C_MasterRequestWrite
                0x08002898      0x104 ./Drivers/STM32F4xx_HAL_Driver/Src/stm32f4xx_hal_i2c.o
 .text.I2C_WaitOnFlagUntilTimeout
                0x0800299c       0xf4 ./Drivers/STM32F4xx_HAL_Driver/Src/stm32f4xx_hal_i2c.o
 .text.I2C_WaitOnMasterAddressFlagUntilTimeout
                0x08002a90      0x140 ./Drivers/STM32F4xx_HAL_Driver/Src/stm32f4xx_hal_i2c.o
 .text.I2C_WaitOnTXEFlagUntilTimeout
                0x08002bd0       0x90 ./Drivers/STM32F4xx_HAL_Driver/Src/stm32f4xx_hal_i2c.o
 .text.I2C_WaitOnBTFFlagUntilTimeout
                0x08002c60       0x90 ./Drivers/STM32F4xx_HAL_Driver/Src/stm32f4xx_hal_i2c.o
 .text.I2C_IsAcknowledgeFailed
                0x08002cf0       0x5e ./Drivers/STM32F4xx_HAL_Driver/Src/stm32f4xx_hal_i2c.o
 *fill*         0x08002d4e        0x2 
 .text.HAL_RCC_ClockConfig
                0x08002d50      0x1cc ./Drivers/STM32F4xx_HAL_Driver/Src/stm32f4xx_hal_rcc.o
                0x08002d50                HAL_RCC_ClockConfig
 .text.HAL_RCC_GetHCLKFreq
                0x08002f1c       0x18 ./Drivers/STM32F4xx_HAL_Driver/Src/stm32f4xx_hal_rcc.o
                0x08002f1c                HAL_RCC_GetHCLKFreq
 .text.HAL_RCC_GetPCLK1Freq
                0x08002f34       0x28 ./Drivers/STM32F4xx_HAL_Driver/Src/stm32f4xx_hal_rcc.o
                0x08002f34                HAL_RCC_GetPCLK1Freq
 .text.HAL_RCC_GetPCLK2Freq
                0x08002f5c       0x28 ./Drivers/STM32F4xx_HAL_Driver/Src/stm32f4xx_hal_rcc.o
                0x08002f5c                HAL_RCC_GetPCLK2Freq
 .text.HAL_RCC_GetClockConfig
                0x08002f84       0x64 ./Drivers/STM32F4xx_HAL_Driver/Src/stm32f4xx_hal_rcc.o
                0x08002f84                HAL_RCC_GetClockConfig
 .text.HAL_RCCEx_PeriphCLKConfig
                0x08002fe8      0x654 ./Drivers/STM32F4xx_HAL_Driver/Src/stm32f4xx_hal_rcc_ex.o
                0x08002fe8                HAL_RCCEx_PeriphCLKConfig
 .text.HAL_RCC_GetSysClockFreq
                0x0800363c      0x460 ./Drivers/STM32F4xx_HAL_Driver/Src/stm32f4xx_hal_rcc_ex.o
                0x0800363c                HAL_RCC_GetSysClockFreq
 .text.HAL_RCC_OscConfig
                0x08003a9c      0x53c ./Drivers/STM32F4xx_HAL_Driver/Src/stm32f4xx_hal_rcc_ex.o
                0x08003a9c                HAL_RCC_OscConfig
 .text.HAL_RTC_Init
                0x08003fd8      0x102 ./Drivers/STM32F4xx_HAL_Driver/Src/stm32f4xx_hal_rtc.o
                0x08003fd8                HAL_RTC_Init
 .text.HAL_RTC_SetTime
                0x080040da      0x134 ./Drivers/STM32F4xx_HAL_Driver/Src/stm32f4xx_hal_rtc.o
                0x080040da                HAL_RTC_SetTime
 .text.HAL_RTC_GetTime
                0x0800420e       0xbc ./Drivers/STM32F4xx_HAL_Driver/Src/stm32f4xx_hal_rtc.o
                0x0800420e                HAL_RTC_GetTime
 .text.HAL_RTC_SetDate
                0x080042ca      0x108 ./Drivers/STM32F4xx_HAL_Driver/Src/stm32f4xx_hal_rtc.o
                0x080042ca                HAL_RTC_SetDate
 .text.HAL_RTC_GetDate
                0x080043d2       0x9e ./Drivers/STM32F4xx_HAL_Driver/Src/stm32f4xx_hal_rtc.o
                0x080043d2                HAL_RTC_GetDate
 .text.HAL_RTC_WaitForSynchro
                0x08004470       0x4c ./Drivers/STM32F4xx_HAL_Driver/Src/stm32f4xx_hal_rtc.o
                0x08004470                HAL_RTC_WaitForSynchro
 .text.RTC_EnterInitMode
                0x080044bc       0x6e ./Drivers/STM32F4xx_HAL_Driver/Src/stm32f4xx_hal_rtc.o
                0x080044bc                RTC_EnterInitMode
 .text.RTC_ExitInitMode
                0x0800452a       0x4a ./Drivers/STM32F4xx_HAL_Driver/Src/stm32f4xx_hal_rtc.o
                0x0800452a                RTC_ExitInitMode
 .text.RTC_ByteToBcd2
                0x08004574       0x3c ./Drivers/STM32F4xx_HAL_Driver/Src/stm32f4xx_hal_rtc.o
                0x08004574                RTC_ByteToBcd2
 .text.RTC_Bcd2ToByte
                0x080045b0       0x3c ./Drivers/STM32F4xx_HAL_Driver/Src/stm32f4xx_hal_rtc.o
                0x080045b0                RTC_Bcd2ToByte
 .text.HAL_SPI_Init
                0x080045ec      0x112 ./Drivers/STM32F4xx_HAL_Driver/Src/stm32f4xx_hal_spi.o
                0x080045ec                HAL_SPI_Init
 .text.HAL_SPI_TransmitReceive
                0x080046fe      0x352 ./Drivers/STM32F4xx_HAL_Driver/Src/stm32f4xx_hal_spi.o
                0x080046fe                HAL_SPI_TransmitReceive
 .text.SPI_WaitFlagStateUntilTimeout
                0x08004a50      0x110 ./Drivers/STM32F4xx_HAL_Driver/Src/stm32f4xx_hal_spi.o
 .text.SPI_EndRxTxTransaction
                0x08004b60       0xa8 ./Drivers/STM32F4xx_HAL_Driver/Src/stm32f4xx_hal_spi.o
 .text.HAL_TIM_Base_Init
                0x08004c08       0x9e ./Drivers/STM32F4xx_HAL_Driver/Src/stm32f4xx_hal_tim.o
                0x08004c08                HAL_TIM_Base_Init
 .text.HAL_TIM_Base_MspInit
                0x08004ca6       0x14 ./Drivers/STM32F4xx_HAL_Driver/Src/stm32f4xx_hal_tim.o
                0x08004ca6                HAL_TIM_Base_MspInit
 *fill*         0x08004cba        0x2 
 .text.HAL_TIM_Base_Start_IT
                0x08004cbc       0xe0 ./Drivers/STM32F4xx_HAL_Driver/Src/stm32f4xx_hal_tim.o
                0x08004cbc                HAL_TIM_Base_Start_IT
 .text.HAL_TIM_IRQHandler
                0x08004d9c      0x1e0 ./Drivers/STM32F4xx_HAL_Driver/Src/stm32f4xx_hal_tim.o
                0x08004d9c                HAL_TIM_IRQHandler
 .text.HAL_TIM_OC_DelayElapsedCallback
                0x08004f7c       0x14 ./Drivers/STM32F4xx_HAL_Driver/Src/stm32f4xx_hal_tim.o
                0x08004f7c                HAL_TIM_OC_DelayElapsedCallback
 .text.HAL_TIM_IC_CaptureCallback
                0x08004f90       0x14 ./Drivers/STM32F4xx_HAL_Driver/Src/stm32f4xx_hal_tim.o
                0x08004f90                HAL_TIM_IC_CaptureCallback
 .text.HAL_TIM_PWM_PulseFinishedCallback
                0x08004fa4       0x14 ./Drivers/STM32F4xx_HAL_Driver/Src/stm32f4xx_hal_tim.o
                0x08004fa4                HAL_TIM_PWM_PulseFinishedCallback
 .text.HAL_TIM_TriggerCallback
                0x08004fb8       0x14 ./Drivers/STM32F4xx_HAL_Driver/Src/stm32f4xx_hal_tim.o
                0x08004fb8                HAL_TIM_TriggerCallback
 .text.TIM_Base_SetConfig
                0x08004fcc      0x14c ./Drivers/STM32F4xx_HAL_Driver/Src/stm32f4xx_hal_tim.o
                0x08004fcc                TIM_Base_SetConfig
 .text.HAL_TIMEx_CommutCallback
                0x08005118       0x14 ./Drivers/STM32F4xx_HAL_Driver/Src/stm32f4xx_hal_tim_ex.o
                0x08005118                HAL_TIMEx_CommutCallback
 .text.HAL_TIMEx_BreakCallback
                0x0800512c       0x14 ./Drivers/STM32F4xx_HAL_Driver/Src/stm32f4xx_hal_tim_ex.o
                0x0800512c                HAL_TIMEx_BreakCallback
 .text.HAL_UART_Init
                0x08005140       0xa0 ./Drivers/STM32F4xx_HAL_Driver/Src/stm32f4xx_hal_uart.o
                0x08005140                HAL_UART_Init
 .text.HAL_UART_Transmit
                0x080051e0      0x116 ./Drivers/STM32F4xx_HAL_Driver/Src/stm32f4xx_hal_uart.o
                0x080051e0                HAL_UART_Transmit
 .text.UART_WaitOnFlagUntilTimeout
                0x080052f6       0xb2 ./Drivers/STM32F4xx_HAL_Driver/Src/stm32f4xx_hal_uart.o
 .text.UART_EndRxTransfer
                0x080053a8       0xc6 ./Drivers/STM32F4xx_HAL_Driver/Src/stm32f4xx_hal_uart.o
 *fill*         0x0800546e        0x2 
 .text.UART_SetConfig
                0x08005470      0x4e8 ./Drivers/STM32F4xx_HAL_Driver/Src/stm32f4xx_hal_uart.o
 .text.__NVIC_SetPriority
                0x08005958       0x54 ./Middlewares/Third_Party/FreeRTOS/Source/CMSIS_RTOS_V2/cmsis_os2.o
 .text.SysTick_Handler
                0x080059ac       0x20 ./Middlewares/Third_Party/FreeRTOS/Source/CMSIS_RTOS_V2/cmsis_os2.o
                0x080059ac                SysTick_Handler
 .text.SVC_Setup
                0x080059cc       0x12 ./Middlewares/Third_Party/FreeRTOS/Source/CMSIS_RTOS_V2/cmsis_os2.o
 *fill*         0x080059de        0x2 
 .text.osKernelInitialize
                0x080059e0       0x48 ./Middlewares/Third_Party/FreeRTOS/Source/CMSIS_RTOS_V2/cmsis_os2.o
                0x080059e0                osKernelInitialize
 .text.osKernelStart
                0x08005a28       0x4c ./Middlewares/Third_Party/FreeRTOS/Source/CMSIS_RTOS_V2/cmsis_os2.o
                0x08005a28                osKernelStart
 .text.osThreadNew
                0x08005a74      0x124 ./Middlewares/Third_Party/FreeRTOS/Source/CMSIS_RTOS_V2/cmsis_os2.o
                0x08005a74                osThreadNew
 .text.osDelay  0x08005b98       0x36 ./Middlewares/Third_Party/FreeRTOS/Source/CMSIS_RTOS_V2/cmsis_os2.o
                0x08005b98                osDelay
 .text.TimerCallback
                0x08005bce       0x2a ./Middlewares/Third_Party/FreeRTOS/Source/CMSIS_RTOS_V2/cmsis_os2.o
 .text.osTimerNew
                0x08005bf8       0xf8 ./Middlewares/Third_Party/FreeRTOS/Source/CMSIS_RTOS_V2/cmsis_os2.o
                0x08005bf8                osTimerNew
 .text.osTimerStart
                0x08005cf0       0x5c ./Middlewares/Third_Party/FreeRTOS/Source/CMSIS_RTOS_V2/cmsis_os2.o
                0x08005cf0                osTimerStart
 .text.osMutexNew
                0x08005d4c      0x10c ./Middlewares/Third_Party/FreeRTOS/Source/CMSIS_RTOS_V2/cmsis_os2.o
                0x08005d4c                osMutexNew
 .text.osMutexAcquire
                0x08005e58       0x96 ./Middlewares/Third_Party/FreeRTOS/Source/CMSIS_RTOS_V2/cmsis_os2.o
                0x08005e58                osMutexAcquire
 .text.osMutexRelease
                0x08005eee       0x7a ./Middlewares/Third_Party/FreeRTOS/Source/CMSIS_RTOS_V2/cmsis_os2.o
                0x08005eee                osMutexRelease
 .text.osSemaphoreNew
                0x08005f68      0x112 ./Middlewares/Third_Party/FreeRTOS/Source/CMSIS_RTOS_V2/cmsis_os2.o
                0x08005f68                osSemaphoreNew
 *fill*         0x0800607a        0x2 
 .text.osSemaphoreAcquire
                0x0800607c       0xa4 ./Middlewares/Third_Party/FreeRTOS/Source/CMSIS_RTOS_V2/cmsis_os2.o
                0x0800607c                osSemaphoreAcquire
 .text.osSemaphoreRelease
                0x08006120       0x88 ./Middlewares/Third_Party/FreeRTOS/Source/CMSIS_RTOS_V2/cmsis_os2.o
                0x08006120                osSemaphoreRelease
 .text.osMessageQueueNew
                0x080061a8       0xe6 ./Middlewares/Third_Party/FreeRTOS/Source/CMSIS_RTOS_V2/cmsis_os2.o
                0x080061a8                osMessageQueueNew
 *fill*         0x0800628e        0x2 
 .text.osMessageQueuePut
                0x08006290       0xc0 ./Middlewares/Third_Party/FreeRTOS/Source/CMSIS_RTOS_V2/cmsis_os2.o
                0x08006290                osMessageQueuePut
 .text.osMessageQueueGet
                0x08006350       0xbc ./Middlewares/Third_Party/FreeRTOS/Source/CMSIS_RTOS_V2/cmsis_os2.o
                0x08006350                osMessageQueueGet
 .text.vApplicationGetIdleTaskMemory
                0x0800640c       0x34 ./Middlewares/Third_Party/FreeRTOS/Source/CMSIS_RTOS_V2/cmsis_os2.o
                0x0800640c                vApplicationGetIdleTaskMemory
 .text.vApplicationGetTimerTaskMemory
                0x08006440       0x34 ./Middlewares/Third_Party/FreeRTOS/Source/CMSIS_RTOS_V2/cmsis_os2.o
                0x08006440                vApplicationGetTimerTaskMemory
 .text.vListInitialise
                0x08006474       0x40 ./Middlewares/Third_Party/FreeRTOS/Source/list.o
                0x08006474                vListInitialise
 .text.vListInitialiseItem
                0x080064b4       0x1a ./Middlewares/Third_Party/FreeRTOS/Source/list.o
                0x080064b4                vListInitialiseItem
 .text.vListInsertEnd
                0x080064ce       0x48 ./Middlewares/Third_Party/FreeRTOS/Source/list.o
                0x080064ce                vListInsertEnd
 .text.vListInsert
                0x08006516       0x72 ./Middlewares/Third_Party/FreeRTOS/Source/list.o
                0x08006516                vListInsert
 .text.uxListRemove
                0x08006588       0x54 ./Middlewares/Third_Party/FreeRTOS/Source/list.o
                0x08006588                uxListRemove
 .text.xQueueGenericReset
                0x080065dc       0xd4 ./Middlewares/Third_Party/FreeRTOS/Source/queue.o
                0x080065dc                xQueueGenericReset
 .text.xQueueGenericCreateStatic
                0x080066b0       0xfa ./Middlewares/Third_Party/FreeRTOS/Source/queue.o
                0x080066b0                xQueueGenericCreateStatic
 .text.xQueueGenericCreate
                0x080067aa       0x76 ./Middlewares/Third_Party/FreeRTOS/Source/queue.o
                0x080067aa                xQueueGenericCreate
 .text.prvInitialiseNewQueue
                0x08006820       0x46 ./Middlewares/Third_Party/FreeRTOS/Source/queue.o
 .text.prvInitialiseMutex
                0x08006866       0x34 ./Middlewares/Third_Party/FreeRTOS/Source/queue.o
 .text.xQueueCreateMutex
                0x0800689a       0x30 ./Middlewares/Third_Party/FreeRTOS/Source/queue.o
                0x0800689a                xQueueCreateMutex
 .text.xQueueCreateMutexStatic
                0x080068ca       0x36 ./Middlewares/Third_Party/FreeRTOS/Source/queue.o
                0x080068ca                xQueueCreateMutexStatic
 .text.xQueueGiveMutexRecursive
                0x08006900       0x6a ./Middlewares/Third_Party/FreeRTOS/Source/queue.o
                0x08006900                xQueueGiveMutexRecursive
 .text.xQueueTakeMutexRecursive
                0x0800696a       0x6e ./Middlewares/Third_Party/FreeRTOS/Source/queue.o
                0x0800696a                xQueueTakeMutexRecursive
 .text.xQueueCreateCountingSemaphoreStatic
                0x080069d8       0x72 ./Middlewares/Third_Party/FreeRTOS/Source/queue.o
                0x080069d8                xQueueCreateCountingSemaphoreStatic
 .text.xQueueCreateCountingSemaphore
                0x08006a4a       0x6a ./Middlewares/Third_Party/FreeRTOS/Source/queue.o
                0x08006a4a                xQueueCreateCountingSemaphore
 .text.xQueueGenericSend
                0x08006ab4      0x204 ./Middlewares/Third_Party/FreeRTOS/Source/queue.o
                0x08006ab4                xQueueGenericSend
 .text.xQueueGenericSendFromISR
                0x08006cb8      0x13c ./Middlewares/Third_Party/FreeRTOS/Source/queue.o
                0x08006cb8                xQueueGenericSendFromISR
 .text.xQueueGiveFromISR
                0x08006df4      0x120 ./Middlewares/Third_Party/FreeRTOS/Source/queue.o
                0x08006df4                xQueueGiveFromISR
 .text.xQueueReceive
                0x08006f14      0x1c4 ./Middlewares/Third_Party/FreeRTOS/Source/queue.o
                0x08006f14                xQueueReceive
 .text.xQueueSemaphoreTake
                0x080070d8      0x220 ./Middlewares/Third_Party/FreeRTOS/Source/queue.o
                0x080070d8                xQueueSemaphoreTake
 .text.xQueueReceiveFromISR
                0x080072f8      0x104 ./Middlewares/Third_Party/FreeRTOS/Source/queue.o
                0x080072f8                xQueueReceiveFromISR
 .text.vQueueDelete
                0x080073fc       0x48 ./Middlewares/Third_Party/FreeRTOS/Source/queue.o
                0x080073fc                vQueueDelete
 .text.prvGetDisinheritPriorityAfterTimeout
                0x08007444       0x30 ./Middlewares/Third_Party/FreeRTOS/Source/queue.o
 .text.prvCopyDataToQueue
                0x08007474       0xd4 ./Middlewares/Third_Party/FreeRTOS/Source/queue.o
 .text.prvCopyDataFromQueue
                0x08007548       0x4c ./Middlewares/Third_Party/FreeRTOS/Source/queue.o
 .text.prvUnlockQueue
                0x08007594       0xa4 ./Middlewares/Third_Party/FreeRTOS/Source/queue.o
 .text.prvIsQueueEmpty
                0x08007638       0x2c ./Middlewares/Third_Party/FreeRTOS/Source/queue.o
 .text.prvIsQueueFull
                0x08007664       0x30 ./Middlewares/Third_Party/FreeRTOS/Source/queue.o
 .text.vQueueAddToRegistry
                0x08007694       0x54 ./Middlewares/Third_Party/FreeRTOS/Source/queue.o
                0x08007694                vQueueAddToRegistry
 .text.vQueueUnregisterQueue
                0x080076e8       0x54 ./Middlewares/Third_Party/FreeRTOS/Source/queue.o
                0x080076e8                vQueueUnregisterQueue
 .text.vQueueWaitForMessageRestricted
                0x0800773c       0x68 ./Middlewares/Third_Party/FreeRTOS/Source/queue.o
                0x0800773c                vQueueWaitForMessageRestricted
 .text.xTaskCreateStatic
                0x080077a4       0xc0 ./Middlewares/Third_Party/FreeRTOS/Source/tasks.o
                0x080077a4                xTaskCreateStatic
 .text.xTaskCreate
                0x08007864       0x8a ./Middlewares/Third_Party/FreeRTOS/Source/tasks.o
                0x08007864                xTaskCreate
 .text.prvInitialiseNewTask
                0x080078ee      0x120 ./Middlewares/Third_Party/FreeRTOS/Source/tasks.o
 *fill*         0x08007a0e        0x2 
 .text.prvAddNewTaskToReadyList
                0x08007a10       0xe0 ./Middlewares/Third_Party/FreeRTOS/Source/tasks.o
 .text.vTaskDelay
                0x08007af0       0x6c ./Middlewares/Third_Party/FreeRTOS/Source/tasks.o
                0x08007af0                vTaskDelay
 .text.vTaskStartScheduler
                0x08007b5c       0xd0 ./Middlewares/Third_Party/FreeRTOS/Source/tasks.o
                0x08007b5c                vTaskStartScheduler
 .text.vTaskSuspendAll
                0x08007c2c       0x1c ./Middlewares/Third_Party/FreeRTOS/Source/tasks.o
                0x08007c2c                vTaskSuspendAll
 .text.xTaskResumeAll
                0x08007c48      0x13c ./Middlewares/Third_Party/FreeRTOS/Source/tasks.o
                0x08007c48                xTaskResumeAll
 .text.xTaskGetTickCount
                0x08007d84       0x20 ./Middlewares/Third_Party/FreeRTOS/Source/tasks.o
                0x08007d84                xTaskGetTickCount
 .text.xTaskIncrementTick
                0x08007da4      0x174 ./Middlewares/Third_Party/FreeRTOS/Source/tasks.o
                0x08007da4                xTaskIncrementTick
 .text.vTaskSwitchContext
                0x08007f18       0xbc ./Middlewares/Third_Party/FreeRTOS/Source/tasks.o
                0x08007f18                vTaskSwitchContext
 .text.vTaskPlaceOnEventList
                0x08007fd4       0x4c ./Middlewares/Third_Party/FreeRTOS/Source/tasks.o
                0x08007fd4                vTaskPlaceOnEventList
 .text.vTaskPlaceOnEventListRestricted
                0x08008020       0x58 ./Middlewares/Third_Party/FreeRTOS/Source/tasks.o
                0x08008020                vTaskPlaceOnEventListRestricted
 .text.xTaskRemoveFromEventList
                0x08008078       0xc8 ./Middlewares/Third_Party/FreeRTOS/Source/tasks.o
                0x08008078                xTaskRemoveFromEventList
 .text.vTaskInternalSetTimeOutState
                0x08008140       0x2c ./Middlewares/Third_Party/FreeRTOS/Source/tasks.o
                0x08008140                vTaskInternalSetTimeOutState
 .text.xTaskCheckForTimeOut
                0x0800816c       0xc8 ./Middlewares/Third_Party/FreeRTOS/Source/tasks.o
                0x0800816c                xTaskCheckForTimeOut
 .text.vTaskMissedYield
                0x08008234       0x18 ./Middlewares/Third_Party/FreeRTOS/Source/tasks.o
                0x08008234                vTaskMissedYield
 .text.prvIdleTask
                0x0800824c       0x30 ./Middlewares/Third_Party/FreeRTOS/Source/tasks.o
 .text.prvInitialiseTaskLists
                0x0800827c       0x80 ./Middlewares/Third_Party/FreeRTOS/Source/tasks.o
 .text.prvCheckTasksWaitingTermination
                0x080082fc       0x5c ./Middlewares/Third_Party/FreeRTOS/Source/tasks.o
 .text.prvDeleteTCB
                0x08008358       0x60 ./Middlewares/Third_Party/FreeRTOS/Source/tasks.o
 .text.prvResetNextTaskUnblockTime
                0x080083b8       0x40 ./Middlewares/Third_Party/FreeRTOS/Source/tasks.o
 .text.xTaskGetCurrentTaskHandle
                0x080083f8       0x20 ./Middlewares/Third_Party/FreeRTOS/Source/tasks.o
                0x080083f8                xTaskGetCurrentTaskHandle
 .text.xTaskGetSchedulerState
                0x08008418       0x3c ./Middlewares/Third_Party/FreeRTOS/Source/tasks.o
                0x08008418                xTaskGetSchedulerState
 .text.xTaskPriorityInherit
                0x08008454       0xd0 ./Middlewares/Third_Party/FreeRTOS/Source/tasks.o
                0x08008454                xTaskPriorityInherit
 .text.xTaskPriorityDisinherit
                0x08008524       0xe0 ./Middlewares/Third_Party/FreeRTOS/Source/tasks.o
                0x08008524                xTaskPriorityDisinherit
 .text.vTaskPriorityDisinheritAfterTimeout
                0x08008604      0x108 ./Middlewares/Third_Party/FreeRTOS/Source/tasks.o
                0x08008604                vTaskPriorityDisinheritAfterTimeout
 .text.pvTaskIncrementMutexHeldCount
                0x0800870c       0x28 ./Middlewares/Third_Party/FreeRTOS/Source/tasks.o
                0x0800870c                pvTaskIncrementMutexHeldCount
 .text.ulTaskNotifyTake
                0x08008734       0x90 ./Middlewares/Third_Party/FreeRTOS/Source/tasks.o
                0x08008734                ulTaskNotifyTake
 .text.xTaskGenericNotify
                0x080087c4      0x174 ./Middlewares/Third_Party/FreeRTOS/Source/tasks.o
                0x080087c4                xTaskGenericNotify
 .text.prvAddCurrentTaskToDelayedList
                0x08008938       0xa8 ./Middlewares/Third_Party/FreeRTOS/Source/tasks.o
 .text.xTimerCreateTimerTask
                0x080089e0       0x94 ./Middlewares/Third_Party/FreeRTOS/Source/timers.o
                0x080089e0                xTimerCreateTimerTask
 .text.xTimerCreate
                0x08008a74       0x42 ./Middlewares/Third_Party/FreeRTOS/Source/timers.o
                0x08008a74                xTimerCreate
 .text.xTimerCreateStatic
                0x08008ab6       0x80 ./Middlewares/Third_Party/FreeRTOS/Source/timers.o
                0x08008ab6                xTimerCreateStatic
 .text.prvInitialiseNewTimer
                0x08008b36       0x78 ./Middlewares/Third_Party/FreeRTOS/Source/timers.o
 *fill*         0x08008bae        0x2 
 .text.xTimerGenericCommand
                0x08008bb0       0x9c ./Middlewares/Third_Party/FreeRTOS/Source/timers.o
                0x08008bb0                xTimerGenericCommand
 .text.prvProcessExpiredTimer
                0x08008c4c       0x9c ./Middlewares/Third_Party/FreeRTOS/Source/timers.o
 .text.prvTimerTask
                0x08008ce8       0x26 ./Middlewares/Third_Party/FreeRTOS/Source/timers.o
 *fill*         0x08008d0e        0x2 
 .text.prvProcessTimerOrBlockTask
                0x08008d10       0x9c ./Middlewares/Third_Party/FreeRTOS/Source/timers.o
 .text.prvGetNextExpireTime
                0x08008dac       0x48 ./Middlewares/Third_Party/FreeRTOS/Source/timers.o
 .text.prvSampleTimeNow
                0x08008df4       0x40 ./Middlewares/Third_Party/FreeRTOS/Source/timers.o
 .text.prvInsertTimerInActiveList
                0x08008e34       0x84 ./Middlewares/Third_Party/FreeRTOS/Source/timers.o
 .text.prvProcessReceivedCommands
                0x08008eb8      0x1cc ./Middlewares/Third_Party/FreeRTOS/Source/timers.o
 .text.prvSwitchTimerLists
                0x08009084       0xcc ./Middlewares/Third_Party/FreeRTOS/Source/timers.o
 .text.prvCheckForValidListAndQueue
                0x08009150       0x80 ./Middlewares/Third_Party/FreeRTOS/Source/timers.o
 .text.pvTimerGetTimerID
                0x080091d0       0x42 ./Middlewares/Third_Party/FreeRTOS/Source/timers.o
                0x080091d0                pvTimerGetTimerID
 *fill*         0x08009212        0x2 
 .text.pxPortInitialiseStack
                0x08009214       0x68 ./Middlewares/Third_Party/FreeRTOS/Source/portable/GCC/ARM_CM4F/port.o
                0x08009214                pxPortInitialiseStack
 .text.prvTaskExitError
                0x0800927c       0x5c ./Middlewares/Third_Party/FreeRTOS/Source/portable/GCC/ARM_CM4F/port.o
 *fill*         0x080092d8        0x8 
 .text.SVC_Handler
                0x080092e0       0x28 ./Middlewares/Third_Party/FreeRTOS/Source/portable/GCC/ARM_CM4F/port.o
                0x080092e0                SVC_Handler
 .text.prvPortStartFirstTask
                0x08009308       0x28 ./Middlewares/Third_Party/FreeRTOS/Source/portable/GCC/ARM_CM4F/port.o
 .text.xPortStartScheduler
                0x08009330      0x148 ./Middlewares/Third_Party/FreeRTOS/Source/portable/GCC/ARM_CM4F/port.o
                0x08009330                xPortStartScheduler
 .text.vPortEnterCritical
                0x08009478       0x64 ./Middlewares/Third_Party/FreeRTOS/Source/portable/GCC/ARM_CM4F/port.o
                0x08009478                vPortEnterCritical
 .text.vPortExitCritical
                0x080094dc       0x54 ./Middlewares/Third_Party/FreeRTOS/Source/portable/GCC/ARM_CM4F/port.o
                0x080094dc                vPortExitCritical
 .text.PendSV_Handler
                0x08009530       0x68 ./Middlewares/Third_Party/FreeRTOS/Source/portable/GCC/ARM_CM4F/port.o
                0x08009530                PendSV_Handler
 .text.xPortSysTickHandler
                0x08009598       0x44 ./Middlewares/Third_Party/FreeRTOS/Source/portable/GCC/ARM_CM4F/port.o
                0x08009598                xPortSysTickHandler
 .text.vPortSetupTimerInterrupt
                0x080095dc       0x48 ./Middlewares/Third_Party/FreeRTOS/Source/portable/GCC/ARM_CM4F/port.o
                0x080095dc                vPortSetupTimerInterrupt
 .text.vPortEnableVFP
                0x08009624       0x14 ./Middlewares/Third_Party/FreeRTOS/Source/portable/GCC/ARM_CM4F/port.o
 .text.vPortValidateInterruptPriority
                0x08009638       0x84 ./Middlewares/Third_Party/FreeRTOS/Source/portable/GCC/ARM_CM4F/port.o
                0x08009638                vPortValidateInterruptPriority
 .text.pvPortMalloc
                0x080096bc      0x19c ./Middlewares/Third_Party/FreeRTOS/Source/portable/MemMang/heap_4.o
                0x080096bc                pvPortMalloc
 .text.vPortFree
                0x08009858       0xc8 ./Middlewares/Third_Party/FreeRTOS/Source/portable/MemMang/heap_4.o
                0x08009858                vPortFree
 .text.prvHeapInit
                0x08009920       0xc4 ./Middlewares/Third_Party/FreeRTOS/Source/portable/MemMang/heap_4.o
 .text.prvInsertBlockIntoFreeList
                0x080099e4       0xb4 ./Middlewares/Third_Party/FreeRTOS/Source/portable/MemMang/heap_4.o
 .text.snprintf
                0x08009a98       0x68 C:/ST/STM32CubeIDE_1.15.1/STM32CubeIDE/plugins/com.st.stm32cube.ide.mcu.externaltools.gnu-tools-for-stm32.12.3.rel1.win32_1.0.100.202403111256/tools/bin/../lib/gcc/arm-none-eabi/12.3.1/../../../../arm-none-eabi/lib/thumb/v7e-m+fp/hard\libc_nano.a(libc_a-snprintf.o)
                0x08009a98                sniprintf
                0x08009a98                snprintf
 .text.sprintf  0x08009b00       0x40 C:/ST/STM32CubeIDE_1.15.1/STM32CubeIDE/plugins/com.st.stm32cube.ide.mcu.externaltools.gnu-tools-for-stm32.12.3.rel1.win32_1.0.100.202403111256/tools/bin/../lib/gcc/arm-none-eabi/12.3.1/../../../../arm-none-eabi/lib/thumb/v7e-m+fp/hard\libc_nano.a(libc_a-sprintf.o)
                0x08009b00                siprintf
                0x08009b00                sprintf
 .text.memset   0x08009b40       0x10 C:/ST/STM32CubeIDE_1.15.1/STM32CubeIDE/plugins/com.st.stm32cube.ide.mcu.externaltools.gnu-tools-for-stm32.12.3.rel1.win32_1.0.100.202403111256/tools/bin/../lib/gcc/arm-none-eabi/12.3.1/../../../../arm-none-eabi/lib/thumb/v7e-m+fp/hard\libc_nano.a(libc_a-memset.o)
                0x08009b40                memset
 .text.__errno  0x08009b50        0xc C:/ST/STM32CubeIDE_1.15.1/STM32CubeIDE/plugins/com.st.stm32cube.ide.mcu.externaltools.gnu-tools-for-stm32.12.3.rel1.win32_1.0.100.202403111256/tools/bin/../lib/gcc/arm-none-eabi/12.3.1/../../../../arm-none-eabi/lib/thumb/v7e-m+fp/hard\libc_nano.a(libc_a-errno.o)
                0x08009b50                __errno
 .text.__libc_init_array
                0x08009b5c       0x48 C:/ST/STM32CubeIDE_1.15.1/STM32CubeIDE/plugins/com.st.stm32cube.ide.mcu.externaltools.gnu-tools-for-stm32.12.3.rel1.win32_1.0.100.202403111256/tools/bin/../lib/gcc/arm-none-eabi/12.3.1/../../../../arm-none-eabi/lib/thumb/v7e-m+fp/hard\libc_nano.a(libc_a-init.o)
                0x08009b5c                __libc_init_array
 .text.__retarget_lock_acquire_recursive
                0x08009ba4        0x2 C:/ST/STM32CubeIDE_1.15.1/STM32CubeIDE/plugins/com.st.stm32cube.ide.mcu.externaltools.gnu-tools-for-stm32.12.3.rel1.win32_1.0.100.202403111256/tools/bin/../lib/gcc/arm-none-eabi/12.3.1/../../../../arm-none-eabi/lib/thumb/v7e-m+fp/hard\libc_nano.a(libc_a-lock.o)
                0x08009ba4                __retarget_lock_acquire_recursive
 .text.__retarget_lock_release_recursive
                0x08009ba6        0x2 C:/ST/STM32CubeIDE_1.15.1/STM32CubeIDE/plugins/com.st.stm32cube.ide.mcu.externaltools.gnu-tools-for-stm32.12.3.rel1.win32_1.0.100.202403111256/tools/bin/../lib/gcc/arm-none-eabi/12.3.1/../../../../arm-none-eabi/lib/thumb/v7e-m+fp/hard\libc_nano.a(libc_a-lock.o)
                0x08009ba6                __retarget_lock_release_recursive
 .text.memcpy   0x08009ba8       0x1c C:/ST/STM32CubeIDE_1.15.1/STM32CubeIDE/plugins/com.st.stm32cube.ide.mcu.externaltools.gnu-tools-for-stm32.12.3.rel1.win32_1.0.100.202403111256/tools/bin/../lib/gcc/arm-none-eabi/12.3.1/../../../../arm-none-eabi/lib/thumb/v7e-m+fp/hard\libc_nano.a(libc_a-memcpy-stub.o)
                0x08009ba8                memcpy
 .text._free_r  0x08009bc4       0x94 C:/ST/STM32CubeIDE_1.15.1/STM32CubeIDE/plugins/com.st.stm32cube.ide.mcu.externaltools.gnu-tools-for-stm32.12.3.rel1.win32_1.0.100.202403111256/tools/bin/../lib/gcc/arm-none-eabi/12.3.1/../../../../arm-none-eabi/lib/thumb/v7e-m+fp/hard\libc_nano.a(libc_a-freer.o)
                0x08009bc4                _free_r
 .text.sbrk_aligned
                0x08009c58       0x44 C:/ST/STM32CubeIDE_1.15.1/STM32CubeIDE/plugins/com.st.stm32cube.ide.mcu.externaltools.gnu-tools-for-stm32.12.3.rel1.win32_1.0.100.202403111256/tools/bin/../lib/gcc/arm-none-eabi/12.3.1/../../../../arm-none-eabi/lib/thumb/v7e-m+fp/hard\libc_nano.a(libc_a-mallocr.o)
 .text._malloc_r
                0x08009c9c      0x100 C:/ST/STM32CubeIDE_1.15.1/STM32CubeIDE/plugins/com.st.stm32cube.ide.mcu.externaltools.gnu-tools-for-stm32.12.3.rel1.win32_1.0.100.202403111256/tools/bin/../lib/gcc/arm-none-eabi/12.3.1/../../../../arm-none-eabi/lib/thumb/v7e-m+fp/hard\libc_nano.a(libc_a-mallocr.o)
                0x08009c9c                _malloc_r
 .text.__malloc_lock
                0x08009d9c        0xc C:/ST/STM32CubeIDE_1.15.1/STM32CubeIDE/plugins/com.st.stm32cube.ide.mcu.externaltools.gnu-tools-for-stm32.12.3.rel1.win32_1.0.100.202403111256/tools/bin/../lib/gcc/arm-none-eabi/12.3.1/../../../../arm-none-eabi/lib/thumb/v7e-m+fp/hard\libc_nano.a(libc_a-mlock.o)
                0x08009d9c                __malloc_lock
 .text.__malloc_unlock
                0x08009da8        0xc C:/ST/STM32CubeIDE_1.15.1/STM32CubeIDE/plugins/com.st.stm32cube.ide.mcu.externaltools.gnu-tools-for-stm32.12.3.rel1.win32_1.0.100.202403111256/tools/bin/../lib/gcc/arm-none-eabi/12.3.1/../../../../arm-none-eabi/lib/thumb/v7e-m+fp/hard\libc_nano.a(libc_a-mlock.o)
                0x08009da8                __malloc_unlock
 .text.__ssputs_r
                0x08009db4       0xb6 C:/ST/STM32CubeIDE_1.15.1/STM32CubeIDE/plugins/com.st.stm32cube.ide.mcu.externaltools.gnu-tools-for-stm32.12.3.rel1.win32_1.0.100.202403111256/tools/bin/../lib/gcc/arm-none-eabi/12.3.1/../../../../arm-none-eabi/lib/thumb/v7e-m+fp/hard\libc_nano.a(libc_a-nano-svfprintf.o)
                0x08009db4                __ssputs_r
 *fill*         0x08009e6a        0x2 
 .text._svfprintf_r
                0x08009e6c      0x1f8 C:/ST/STM32CubeIDE_1.15.1/STM32CubeIDE/plugins/com.st.stm32cube.ide.mcu.externaltools.gnu-tools-for-stm32.12.3.rel1.win32_1.0.100.202403111256/tools/bin/../lib/gcc/arm-none-eabi/12.3.1/../../../../arm-none-eabi/lib/thumb/v7e-m+fp/hard\libc_nano.a(libc_a-nano-svfprintf.o)
                0x08009e6c                _svfiprintf_r
                0x08009e6c                _svfprintf_r
 .text._printf_common
                0x0800a064       0xda C:/ST/STM32CubeIDE_1.15.1/STM32CubeIDE/plugins/com.st.stm32cube.ide.mcu.externaltools.gnu-tools-for-stm32.12.3.rel1.win32_1.0.100.202403111256/tools/bin/../lib/gcc/arm-none-eabi/12.3.1/../../../../arm-none-eabi/lib/thumb/v7e-m+fp/hard\libc_nano.a(libc_a-nano-vfprintf_i.o)
                0x0800a064                _printf_common
 *fill*         0x0800a13e        0x2 
 .text._printf_i
                0x0800a140      0x240 C:/ST/STM32CubeIDE_1.15.1/STM32CubeIDE/plugins/com.st.stm32cube.ide.mcu.externaltools.gnu-tools-for-stm32.12.3.rel1.win32_1.0.100.202403111256/tools/bin/../lib/gcc/arm-none-eabi/12.3.1/../../../../arm-none-eabi/lib/thumb/v7e-m+fp/hard\libc_nano.a(libc_a-nano-vfprintf_i.o)
                0x0800a140                _printf_i
 .text.memmove  0x0800a380       0x34 C:/ST/STM32CubeIDE_1.15.1/STM32CubeIDE/plugins/com.st.stm32cube.ide.mcu.externaltools.gnu-tools-for-stm32.12.3.rel1.win32_1.0.100.202403111256/tools/bin/../lib/gcc/arm-none-eabi/12.3.1/../../../../arm-none-eabi/lib/thumb/v7e-m+fp/hard\libc_nano.a(libc_a-memmove.o)
                0x0800a380                memmove
 .text._sbrk_r  0x0800a3b4       0x20 C:/ST/STM32CubeIDE_1.15.1/STM32CubeIDE/plugins/com.st.stm32cube.ide.mcu.externaltools.gnu-tools-for-stm32.12.3.rel1.win32_1.0.100.202403111256/tools/bin/../lib/gcc/arm-none-eabi/12.3.1/../../../../arm-none-eabi/lib/thumb/v7e-m+fp/hard\libc_nano.a(libc_a-sbrkr.o)
                0x0800a3b4                _sbrk_r
 .text._realloc_r
                0x0800a3d4       0x5c C:/ST/STM32CubeIDE_1.15.1/STM32CubeIDE/plugins/com.st.stm32cube.ide.mcu.externaltools.gnu-tools-for-stm32.12.3.rel1.win32_1.0.100.202403111256/tools/bin/../lib/gcc/arm-none-eabi/12.3.1/../../../../arm-none-eabi/lib/thumb/v7e-m+fp/hard\libc_nano.a(libc_a-reallocr.o)
                0x0800a3d4                _realloc_r
 .text._malloc_usable_size_r
                0x0800a430       0x10 C:/ST/STM32CubeIDE_1.15.1/STM32CubeIDE/plugins/com.st.stm32cube.ide.mcu.externaltools.gnu-tools-for-stm32.12.3.rel1.win32_1.0.100.202403111256/tools/bin/../lib/gcc/arm-none-eabi/12.3.1/../../../../arm-none-eabi/lib/thumb/v7e-m+fp/hard\libc_nano.a(libc_a-msizer.o)
                0x0800a430                _malloc_usable_size_r
 *(.glue_7)
 .glue_7        0x0800a440        0x0 linker stubs
 *(.glue_7t)
 .glue_7t       0x0800a440        0x0 linker stubs
 *(.eh_frame)
 .eh_frame      0x0800a440        0x0 C:/ST/STM32CubeIDE_1.15.1/STM32CubeIDE/plugins/com.st.stm32cube.ide.mcu.externaltools.gnu-tools-for-stm32.12.3.rel1.win32_1.0.100.202403111256/tools/bin/../lib/gcc/arm-none-eabi/12.3.1/thumb/v7e-m+fp/hard/crtbegin.o
 *(.init)
 .init          0x0800a440        0x4 C:/ST/STM32CubeIDE_1.15.1/STM32CubeIDE/plugins/com.st.stm32cube.ide.mcu.externaltools.gnu-tools-for-stm32.12.3.rel1.win32_1.0.100.202403111256/tools/bin/../lib/gcc/arm-none-eabi/12.3.1/thumb/v7e-m+fp/hard/crti.o
                0x0800a440                _init
 .init          0x0800a444        0x8 C:/ST/STM32CubeIDE_1.15.1/STM32CubeIDE/plugins/com.st.stm32cube.ide.mcu.externaltools.gnu-tools-for-stm32.12.3.rel1.win32_1.0.100.202403111256/tools/bin/../lib/gcc/arm-none-eabi/12.3.1/thumb/v7e-m+fp/hard/crtn.o
 *(.fini)
 .fini          0x0800a44c        0x4 C:/ST/STM32CubeIDE_1.15.1/STM32CubeIDE/plugins/com.st.stm32cube.ide.mcu.externaltools.gnu-tools-for-stm32.12.3.rel1.win32_1.0.100.202403111256/tools/bin/../lib/gcc/arm-none-eabi/12.3.1/thumb/v7e-m+fp/hard/crti.o
                0x0800a44c                _fini
 .fini          0x0800a450        0x8 C:/ST/STM32CubeIDE_1.15.1/STM32CubeIDE/plugins/com.st.stm32cube.ide.mcu.externaltools.gnu-tools-for-stm32.12.3.rel1.win32_1.0.100.202403111256/tools/bin/../lib/gcc/arm-none-eabi/12.3.1/thumb/v7e-m+fp/hard/crtn.o
                0x0800a458                        . = ALIGN (0x4)
                0x0800a458                        _etext = .

.vfp11_veneer   0x0800a458        0x0
 .vfp11_veneer  0x0800a458        0x0 linker stubs

.v4_bx          0x0800a458        0x0
 .v4_bx         0x0800a458        0x0 linker stubs

.iplt           0x0800a458        0x0
 .iplt          0x0800a458        0x0 C:/ST/STM32CubeIDE_1.15.1/STM32CubeIDE/plugins/com.st.stm32cube.ide.mcu.externaltools.gnu-tools-for-stm32.12.3.rel1.win32_1.0.100.202403111256/tools/bin/../lib/gcc/arm-none-eabi/12.3.1/thumb/v7e-m+fp/hard/crtbegin.o

.rodata         0x0800a458      0x300
                0x0800a458                        . = ALIGN (0x4)
 *(.rodata)
 .rodata        0x0800a458       0x10 ./Core/Src/liquidcrystal_i2c.o
 .rodata        0x0800a468      0x1b4 ./Core/Src/main.o
 .rodata        0x0800a61c        0x5 ./Middlewares/Third_Party/FreeRTOS/Source/tasks.o
 *fill*         0x0800a621        0x3 
 .rodata        0x0800a624        0xd ./Middlewares/Third_Party/FreeRTOS/Source/timers.o
 *(.rodata*)
 *fill*         0x0800a631        0x3 
 .rodata.RFID_Task_attributes
                0x0800a634       0x24 ./Core/Src/main.o
                0x0800a634                RFID_Task_attributes
 .rodata.LCD_Task_attributes
                0x0800a658       0x24 ./Core/Src/main.o
                0x0800a658                LCD_Task_attributes
 .rodata.Uart_Task_attributes
                0x0800a67c       0x24 ./Core/Src/main.o
                0x0800a67c                Uart_Task_attributes
 .rodata.Alarm_Task_attributes
                0x0800a6a0       0x24 ./Core/Src/main.o
                0x0800a6a0                Alarm_Task_attributes
 .rodata.My_Queue_attributes
                0x0800a6c4       0x18 ./Core/Src/main.o
                0x0800a6c4                My_Queue_attributes
 .rodata.My_Timer_attributes
                0x0800a6dc       0x10 ./Core/Src/main.o
                0x0800a6dc                My_Timer_attributes
 .rodata.My_Mutex_attributes
                0x0800a6ec       0x10 ./Core/Src/main.o
                0x0800a6ec                My_Mutex_attributes
 .rodata.My_Semaphore_attributes
                0x0800a6fc       0x10 ./Core/Src/main.o
                0x0800a6fc                My_Semaphore_attributes
 .rodata.AHBPrescTable
                0x0800a70c       0x10 ./Core/Src/system_stm32f4xx.o
                0x0800a70c                AHBPrescTable
 .rodata.APBPrescTable
                0x0800a71c        0x8 ./Core/Src/system_stm32f4xx.o
                0x0800a71c                APBPrescTable
 .rodata._svfprintf_r.str1.1
                0x0800a724       0x11 C:/ST/STM32CubeIDE_1.15.1/STM32CubeIDE/plugins/com.st.stm32cube.ide.mcu.externaltools.gnu-tools-for-stm32.12.3.rel1.win32_1.0.100.202403111256/tools/bin/../lib/gcc/arm-none-eabi/12.3.1/../../../../arm-none-eabi/lib/thumb/v7e-m+fp/hard\libc_nano.a(libc_a-nano-svfprintf.o)
 .rodata._printf_i.str1.1
                0x0800a735       0x22 C:/ST/STM32CubeIDE_1.15.1/STM32CubeIDE/plugins/com.st.stm32cube.ide.mcu.externaltools.gnu-tools-for-stm32.12.3.rel1.win32_1.0.100.202403111256/tools/bin/../lib/gcc/arm-none-eabi/12.3.1/../../../../arm-none-eabi/lib/thumb/v7e-m+fp/hard\libc_nano.a(libc_a-nano-vfprintf_i.o)
                0x0800a758                        . = ALIGN (0x4)
 *fill*         0x0800a757        0x1 

.ARM.extab      0x0800a758        0x0
                0x0800a758                        . = ALIGN (0x4)
 *(.ARM.extab* .gnu.linkonce.armextab.*)
                0x0800a758                        . = ALIGN (0x4)

.ARM            0x0800a758        0x8
                0x0800a758                        . = ALIGN (0x4)
                0x0800a758                        __exidx_start = .
 *(.ARM.exidx*)
 .ARM.exidx     0x0800a758        0x8 C:/ST/STM32CubeIDE_1.15.1/STM32CubeIDE/plugins/com.st.stm32cube.ide.mcu.externaltools.gnu-tools-for-stm32.12.3.rel1.win32_1.0.100.202403111256/tools/bin/../lib/gcc/arm-none-eabi/12.3.1/../../../../arm-none-eabi/lib/thumb/v7e-m+fp/hard\libc_nano.a(libc_a-strlen.o)
 .ARM.exidx     0x0800a760        0x0 C:/ST/STM32CubeIDE_1.15.1/STM32CubeIDE/plugins/com.st.stm32cube.ide.mcu.externaltools.gnu-tools-for-stm32.12.3.rel1.win32_1.0.100.202403111256/tools/bin/../lib/gcc/arm-none-eabi/12.3.1/../../../../arm-none-eabi/lib/thumb/v7e-m+fp/hard\libc_nano.a(libc_a-memchr.o)
                                  0x8 (size before relaxing)
 .ARM.exidx     0x0800a760        0x0 C:/ST/STM32CubeIDE_1.15.1/STM32CubeIDE/plugins/com.st.stm32cube.ide.mcu.externaltools.gnu-tools-for-stm32.12.3.rel1.win32_1.0.100.202403111256/tools/bin/../lib/gcc/arm-none-eabi/12.3.1/thumb/v7e-m+fp/hard\libgcc.a(_udivmoddi4.o)
                                  0x8 (size before relaxing)
                0x0800a760                        __exidx_end = .
                0x0800a760                        . = ALIGN (0x4)

.preinit_array  0x0800a760        0x0
                0x0800a760                        . = ALIGN (0x4)
                0x0800a760                        PROVIDE (__preinit_array_start = .)
 *(.preinit_array*)
                0x0800a760                        PROVIDE (__preinit_array_end = .)
                0x0800a760                        . = ALIGN (0x4)

.init_array     0x0800a760        0x4
                0x0800a760                        . = ALIGN (0x4)
                0x0800a760                        PROVIDE (__init_array_start = .)
 *(SORT_BY_NAME(.init_array.*))
 *(.init_array*)
 .init_array    0x0800a760        0x4 C:/ST/STM32CubeIDE_1.15.1/STM32CubeIDE/plugins/com.st.stm32cube.ide.mcu.externaltools.gnu-tools-for-stm32.12.3.rel1.win32_1.0.100.202403111256/tools/bin/../lib/gcc/arm-none-eabi/12.3.1/thumb/v7e-m+fp/hard/crtbegin.o
                0x0800a764                        PROVIDE (__init_array_end = .)
                0x0800a764                        . = ALIGN (0x4)

.fini_array     0x0800a764        0x4
                0x0800a764                        . = ALIGN (0x4)
                [!provide]                        PROVIDE (__fini_array_start = .)
 *(SORT_BY_NAME(.fini_array.*))
 *(.fini_array*)
 .fini_array    0x0800a764        0x4 C:/ST/STM32CubeIDE_1.15.1/STM32CubeIDE/plugins/com.st.stm32cube.ide.mcu.externaltools.gnu-tools-for-stm32.12.3.rel1.win32_1.0.100.202403111256/tools/bin/../lib/gcc/arm-none-eabi/12.3.1/thumb/v7e-m+fp/hard/crtbegin.o
                [!provide]                        PROVIDE (__fini_array_end = .)
                0x0800a768                        . = ALIGN (0x4)
                0x0800a768                        _sidata = LOADADDR (.data)

.rel.dyn        0x0800a768        0x0
 .rel.iplt      0x0800a768        0x0 C:/ST/STM32CubeIDE_1.15.1/STM32CubeIDE/plugins/com.st.stm32cube.ide.mcu.externaltools.gnu-tools-for-stm32.12.3.rel1.win32_1.0.100.202403111256/tools/bin/../lib/gcc/arm-none-eabi/12.3.1/thumb/v7e-m+fp/hard/crtbegin.o

.data           0x20000000       0x70 load address 0x0800a768
                0x20000000                        . = ALIGN (0x4)
                0x20000000                        _sdata = .
 *(.data)
 *(.data*)
 .data.special1
                0x20000000        0x8 ./Core/Src/liquidcrystal_i2c.o
                0x20000000                special1
 .data.special2
                0x20000008        0x8 ./Core/Src/liquidcrystal_i2c.o
                0x20000008                special2
 .data.SystemCoreClock
                0x20000010        0x4 ./Core/Src/system_stm32f4xx.o
                0x20000010                SystemCoreClock
 .data.uwTickPrio
                0x20000014        0x4 ./Drivers/STM32F4xx_HAL_Driver/Src/stm32f4xx_hal.o
                0x20000014                uwTickPrio
 .data.uwTickFreq
                0x20000018        0x1 ./Drivers/STM32F4xx_HAL_Driver/Src/stm32f4xx_hal.o
                0x20000018                uwTickFreq
 *fill*         0x20000019        0x3 
 .data.uxCriticalNesting
                0x2000001c        0x4 ./Middlewares/Third_Party/FreeRTOS/Source/portable/GCC/ARM_CM4F/port.o
 .data._impure_ptr
                0x20000020        0x4 C:/ST/STM32CubeIDE_1.15.1/STM32CubeIDE/plugins/com.st.stm32cube.ide.mcu.externaltools.gnu-tools-for-stm32.12.3.rel1.win32_1.0.100.202403111256/tools/bin/../lib/gcc/arm-none-eabi/12.3.1/../../../../arm-none-eabi/lib/thumb/v7e-m+fp/hard\libc_nano.a(libc_a-impure.o)
                0x20000020                _impure_ptr
 .data._impure_data
                0x20000024       0x4c C:/ST/STM32CubeIDE_1.15.1/STM32CubeIDE/plugins/com.st.stm32cube.ide.mcu.externaltools.gnu-tools-for-stm32.12.3.rel1.win32_1.0.100.202403111256/tools/bin/../lib/gcc/arm-none-eabi/12.3.1/../../../../arm-none-eabi/lib/thumb/v7e-m+fp/hard\libc_nano.a(libc_a-impure.o)
                0x20000024                _impure_data
 *(.RamFunc)
 *(.RamFunc*)
                0x20000070                        . = ALIGN (0x4)
                0x20000070                        _edata = .

.igot.plt       0x20000070        0x0 load address 0x0800a7d8
 .igot.plt      0x20000070        0x0 C:/ST/STM32CubeIDE_1.15.1/STM32CubeIDE/plugins/com.st.stm32cube.ide.mcu.externaltools.gnu-tools-for-stm32.12.3.rel1.win32_1.0.100.202403111256/tools/bin/../lib/gcc/arm-none-eabi/12.3.1/thumb/v7e-m+fp/hard/crtbegin.o
                0x20000070                        . = ALIGN (0x4)

.bss            0x20000070     0x4d44 load address 0x0800a7d8
                0x20000070                        _sbss = .
                0x20000070                        __bss_start__ = _sbss
 *(.bss)
 .bss           0x20000070       0x1c C:/ST/STM32CubeIDE_1.15.1/STM32CubeIDE/plugins/com.st.stm32cube.ide.mcu.externaltools.gnu-tools-for-stm32.12.3.rel1.win32_1.0.100.202403111256/tools/bin/../lib/gcc/arm-none-eabi/12.3.1/thumb/v7e-m+fp/hard/crtbegin.o
 *(.bss*)
 .bss.dpFunction
                0x2000008c        0x1 ./Core/Src/liquidcrystal_i2c.o
                0x2000008c                dpFunction
 .bss.dpControl
                0x2000008d        0x1 ./Core/Src/liquidcrystal_i2c.o
                0x2000008d                dpControl
 .bss.dpMode    0x2000008e        0x1 ./Core/Src/liquidcrystal_i2c.o
                0x2000008e                dpMode
 .bss.dpRows    0x2000008f        0x1 ./Core/Src/liquidcrystal_i2c.o
                0x2000008f                dpRows
 .bss.dpBacklight
                0x20000090        0x1 ./Core/Src/liquidcrystal_i2c.o
                0x20000090                dpBacklight
 *fill*         0x20000091        0x3 
 .bss.hi2c1     0x20000094       0x54 ./Core/Src/main.o
                0x20000094                hi2c1
 .bss.hrtc      0x200000e8       0x20 ./Core/Src/main.o
                0x200000e8                hrtc
 .bss.hspi1     0x20000108       0x58 ./Core/Src/main.o
                0x20000108                hspi1
 .bss.huart2    0x20000160       0x48 ./Core/Src/main.o
                0x20000160                huart2
 .bss.RFID_TaskHandle
                0x200001a8        0x4 ./Core/Src/main.o
                0x200001a8                RFID_TaskHandle
 .bss.LCD_TaskHandle
                0x200001ac        0x4 ./Core/Src/main.o
                0x200001ac                LCD_TaskHandle
 .bss.Uart_TaskHandle
                0x200001b0        0x4 ./Core/Src/main.o
                0x200001b0                Uart_TaskHandle
 .bss.Alarm_TaskHandle
                0x200001b4        0x4 ./Core/Src/main.o
                0x200001b4                Alarm_TaskHandle
 .bss.My_QueueHandle
                0x200001b8        0x4 ./Core/Src/main.o
                0x200001b8                My_QueueHandle
 .bss.My_TimerHandle
                0x200001bc        0x4 ./Core/Src/main.o
                0x200001bc                My_TimerHandle
 .bss.My_MutexHandle
                0x200001c0        0x4 ./Core/Src/main.o
                0x200001c0                My_MutexHandle
 .bss.My_SemaphoreHandle
                0x200001c4        0x4 ./Core/Src/main.o
                0x200001c4                My_SemaphoreHandle
 .bss.status    0x200001c8        0x1 ./Core/Src/main.o
                0x200001c8                status
 *fill*         0x200001c9        0x3 
 .bss.str       0x200001cc       0x10 ./Core/Src/main.o
                0x200001cc                str
 .bss.sNum      0x200001dc        0x5 ./Core/Src/main.o
                0x200001dc                sNum
 *fill*         0x200001e1        0x3 
 .bss.check     0x200001e4        0x4 ./Core/Src/main.o
                0x200001e4                check
 .bss.card      0x200001e8        0x1 ./Core/Src/main.o
                0x200001e8                card
 *fill*         0x200001e9        0x3 
 .bss.buffer2   0x200001ec       0x64 ./Core/Src/main.o
                0x200001ec                buffer2
 .bss.buffer3   0x20000250       0x64 ./Core/Src/main.o
                0x20000250                buffer3
 .bss.sTime     0x200002b4       0x14 ./Core/Src/main.o
                0x200002b4                sTime
 .bss.sDate     0x200002c8        0x4 ./Core/Src/main.o
                0x200002c8                sDate
 .bss.htim7     0x200002cc       0x48 ./Core/Src/stm32f4xx_hal_timebase_tim.o
                0x200002cc                htim7
 .bss.__sbrk_heap_end
                0x20000314        0x4 ./Core/Src/sysmem.o
 .bss.uwTick    0x20000318        0x4 ./Drivers/STM32F4xx_HAL_Driver/Src/stm32f4xx_hal.o
                0x20000318                uwTick
 .bss.KernelState
                0x2000031c        0x4 ./Middlewares/Third_Party/FreeRTOS/Source/CMSIS_RTOS_V2/cmsis_os2.o
 .bss.Idle_TCB.3
                0x20000320       0x5c ./Middlewares/Third_Party/FreeRTOS/Source/CMSIS_RTOS_V2/cmsis_os2.o
 .bss.Idle_Stack.2
                0x2000037c      0x200 ./Middlewares/Third_Party/FreeRTOS/Source/CMSIS_RTOS_V2/cmsis_os2.o
 .bss.Timer_TCB.1
                0x2000057c       0x5c ./Middlewares/Third_Party/FreeRTOS/Source/CMSIS_RTOS_V2/cmsis_os2.o
 .bss.Timer_Stack.0
                0x200005d8      0x400 ./Middlewares/Third_Party/FreeRTOS/Source/CMSIS_RTOS_V2/cmsis_os2.o
 .bss.xQueueRegistry
                0x200009d8       0x40 ./Middlewares/Third_Party/FreeRTOS/Source/queue.o
                0x200009d8                xQueueRegistry
 .bss.pxCurrentTCB
                0x20000a18        0x4 ./Middlewares/Third_Party/FreeRTOS/Source/tasks.o
                0x20000a18                pxCurrentTCB
 .bss.pxReadyTasksLists
                0x20000a1c      0x460 ./Middlewares/Third_Party/FreeRTOS/Source/tasks.o
 .bss.xDelayedTaskList1
                0x20000e7c       0x14 ./Middlewares/Third_Party/FreeRTOS/Source/tasks.o
 .bss.xDelayedTaskList2
                0x20000e90       0x14 ./Middlewares/Third_Party/FreeRTOS/Source/tasks.o
 .bss.pxDelayedTaskList
                0x20000ea4        0x4 ./Middlewares/Third_Party/FreeRTOS/Source/tasks.o
 .bss.pxOverflowDelayedTaskList
                0x20000ea8        0x4 ./Middlewares/Third_Party/FreeRTOS/Source/tasks.o
 .bss.xPendingReadyList
                0x20000eac       0x14 ./Middlewares/Third_Party/FreeRTOS/Source/tasks.o
 .bss.xTasksWaitingTermination
                0x20000ec0       0x14 ./Middlewares/Third_Party/FreeRTOS/Source/tasks.o
 .bss.uxDeletedTasksWaitingCleanUp
                0x20000ed4        0x4 ./Middlewares/Third_Party/FreeRTOS/Source/tasks.o
 .bss.xSuspendedTaskList
                0x20000ed8       0x14 ./Middlewares/Third_Party/FreeRTOS/Source/tasks.o
 .bss.uxCurrentNumberOfTasks
                0x20000eec        0x4 ./Middlewares/Third_Party/FreeRTOS/Source/tasks.o
 .bss.xTickCount
                0x20000ef0        0x4 ./Middlewares/Third_Party/FreeRTOS/Source/tasks.o
 .bss.uxTopReadyPriority
                0x20000ef4        0x4 ./Middlewares/Third_Party/FreeRTOS/Source/tasks.o
 .bss.xSchedulerRunning
                0x20000ef8        0x4 ./Middlewares/Third_Party/FreeRTOS/Source/tasks.o
 .bss.xPendedTicks
                0x20000efc        0x4 ./Middlewares/Third_Party/FreeRTOS/Source/tasks.o
 .bss.xYieldPending
                0x20000f00        0x4 ./Middlewares/Third_Party/FreeRTOS/Source/tasks.o
 .bss.xNumOfOverflows
                0x20000f04        0x4 ./Middlewares/Third_Party/FreeRTOS/Source/tasks.o
 .bss.uxTaskNumber
                0x20000f08        0x4 ./Middlewares/Third_Party/FreeRTOS/Source/tasks.o
 .bss.xNextTaskUnblockTime
                0x20000f0c        0x4 ./Middlewares/Third_Party/FreeRTOS/Source/tasks.o
 .bss.xIdleTaskHandle
                0x20000f10        0x4 ./Middlewares/Third_Party/FreeRTOS/Source/tasks.o
 .bss.uxSchedulerSuspended
                0x20000f14        0x4 ./Middlewares/Third_Party/FreeRTOS/Source/tasks.o
 .bss.xActiveTimerList1
                0x20000f18       0x14 ./Middlewares/Third_Party/FreeRTOS/Source/timers.o
 .bss.xActiveTimerList2
                0x20000f2c       0x14 ./Middlewares/Third_Party/FreeRTOS/Source/timers.o
 .bss.pxCurrentTimerList
                0x20000f40        0x4 ./Middlewares/Third_Party/FreeRTOS/Source/timers.o
 .bss.pxOverflowTimerList
                0x20000f44        0x4 ./Middlewares/Third_Party/FreeRTOS/Source/timers.o
 .bss.xTimerQueue
                0x20000f48        0x4 ./Middlewares/Third_Party/FreeRTOS/Source/timers.o
 .bss.xTimerTaskHandle
                0x20000f4c        0x4 ./Middlewares/Third_Party/FreeRTOS/Source/timers.o
 .bss.xLastTime.2
                0x20000f50        0x4 ./Middlewares/Third_Party/FreeRTOS/Source/timers.o
 .bss.ucStaticTimerQueueStorage.1
                0x20000f54       0xa0 ./Middlewares/Third_Party/FreeRTOS/Source/timers.o
 .bss.xStaticTimerQueue.0
                0x20000ff4       0x50 ./Middlewares/Third_Party/FreeRTOS/Source/timers.o
 .bss.ucMaxSysCallPriority
                0x20001044        0x1 ./Middlewares/Third_Party/FreeRTOS/Source/portable/GCC/ARM_CM4F/port.o
 *fill*         0x20001045        0x3 
 .bss.ulMaxPRIGROUPValue
                0x20001048        0x4 ./Middlewares/Third_Party/FreeRTOS/Source/portable/GCC/ARM_CM4F/port.o
 .bss.ucHeap    0x2000104c     0x3c00 ./Middlewares/Third_Party/FreeRTOS/Source/portable/MemMang/heap_4.o
 .bss.xStart    0x20004c4c        0x8 ./Middlewares/Third_Party/FreeRTOS/Source/portable/MemMang/heap_4.o
 .bss.pxEnd     0x20004c54        0x4 ./Middlewares/Third_Party/FreeRTOS/Source/portable/MemMang/heap_4.o
 .bss.xFreeBytesRemaining
                0x20004c58        0x4 ./Middlewares/Third_Party/FreeRTOS/Source/portable/MemMang/heap_4.o
 .bss.xMinimumEverFreeBytesRemaining
                0x20004c5c        0x4 ./Middlewares/Third_Party/FreeRTOS/Source/portable/MemMang/heap_4.o
 .bss.xNumberOfSuccessfulAllocations
                0x20004c60        0x4 ./Middlewares/Third_Party/FreeRTOS/Source/portable/MemMang/heap_4.o
 .bss.xNumberOfSuccessfulFrees
                0x20004c64        0x4 ./Middlewares/Third_Party/FreeRTOS/Source/portable/MemMang/heap_4.o
 .bss.xBlockAllocatedBit
                0x20004c68        0x4 ./Middlewares/Third_Party/FreeRTOS/Source/portable/MemMang/heap_4.o
 .bss.__sf      0x20004c6c      0x138 C:/ST/STM32CubeIDE_1.15.1/STM32CubeIDE/plugins/com.st.stm32cube.ide.mcu.externaltools.gnu-tools-for-stm32.12.3.rel1.win32_1.0.100.202403111256/tools/bin/../lib/gcc/arm-none-eabi/12.3.1/../../../../arm-none-eabi/lib/thumb/v7e-m+fp/hard\libc_nano.a(libc_a-findfp.o)
                0x20004c6c                __sf
 .bss.errno     0x20004da4        0x4 C:/ST/STM32CubeIDE_1.15.1/STM32CubeIDE/plugins/com.st.stm32cube.ide.mcu.externaltools.gnu-tools-for-stm32.12.3.rel1.win32_1.0.100.202403111256/tools/bin/../lib/gcc/arm-none-eabi/12.3.1/../../../../arm-none-eabi/lib/thumb/v7e-m+fp/hard\libc_nano.a(libc_a-reent.o)
                0x20004da4                errno
 .bss.__lock___malloc_recursive_mutex
                0x20004da8        0x1 C:/ST/STM32CubeIDE_1.15.1/STM32CubeIDE/plugins/com.st.stm32cube.ide.mcu.externaltools.gnu-tools-for-stm32.12.3.rel1.win32_1.0.100.202403111256/tools/bin/../lib/gcc/arm-none-eabi/12.3.1/../../../../arm-none-eabi/lib/thumb/v7e-m+fp/hard\libc_nano.a(libc_a-lock.o)
                0x20004da8                __lock___malloc_recursive_mutex
 *fill*         0x20004da9        0x3 
 .bss.__malloc_sbrk_start
                0x20004dac        0x4 C:/ST/STM32CubeIDE_1.15.1/STM32CubeIDE/plugins/com.st.stm32cube.ide.mcu.externaltools.gnu-tools-for-stm32.12.3.rel1.win32_1.0.100.202403111256/tools/bin/../lib/gcc/arm-none-eabi/12.3.1/../../../../arm-none-eabi/lib/thumb/v7e-m+fp/hard\libc_nano.a(libc_a-mallocr.o)
                0x20004dac                __malloc_sbrk_start
 .bss.__malloc_free_list
                0x20004db0        0x4 C:/ST/STM32CubeIDE_1.15.1/STM32CubeIDE/plugins/com.st.stm32cube.ide.mcu.externaltools.gnu-tools-for-stm32.12.3.rel1.win32_1.0.100.202403111256/tools/bin/../lib/gcc/arm-none-eabi/12.3.1/../../../../arm-none-eabi/lib/thumb/v7e-m+fp/hard\libc_nano.a(libc_a-mallocr.o)
                0x20004db0                __malloc_free_list
 *(COMMON)
                0x20004db4                        . = ALIGN (0x4)
                0x20004db4                        _ebss = .
                0x20004db4                        __bss_end__ = _ebss

._user_heap_stack
                0x20004db4      0x604 load address 0x0800a7d8
                0x20004db8                        . = ALIGN (0x8)
 *fill*         0x20004db4        0x4 
                [!provide]                        PROVIDE (end = .)
                0x20004db8                        PROVIDE (_end = .)
                0x20004fb8                        . = (. + _Min_Heap_Size)
 *fill*         0x20004db8      0x200 
                0x200053b8                        . = (. + _Min_Stack_Size)
 *fill*         0x20004fb8      0x400 
                0x200053b8                        . = ALIGN (0x8)

/DISCARD/
 libc.a(*)
 libm.a(*)
 libgcc.a(*)

.ARM.attributes
                0x00000000       0x30
 *(.ARM.attributes)
 .ARM.attributes
                0x00000000       0x22 C:/ST/STM32CubeIDE_1.15.1/STM32CubeIDE/plugins/com.st.stm32cube.ide.mcu.externaltools.gnu-tools-for-stm32.12.3.rel1.win32_1.0.100.202403111256/tools/bin/../lib/gcc/arm-none-eabi/12.3.1/thumb/v7e-m+fp/hard/crti.o
 .ARM.attributes
                0x00000022       0x34 C:/ST/STM32CubeIDE_1.15.1/STM32CubeIDE/plugins/com.st.stm32cube.ide.mcu.externaltools.gnu-tools-for-stm32.12.3.rel1.win32_1.0.100.202403111256/tools/bin/../lib/gcc/arm-none-eabi/12.3.1/thumb/v7e-m+fp/hard/crtbegin.o
 .ARM.attributes
                0x00000056       0x34 ./Core/Src/RC522.o
 .ARM.attributes
                0x0000008a       0x34 ./Core/Src/liquidcrystal_i2c.o
 .ARM.attributes
                0x000000be       0x34 ./Core/Src/main.o
 .ARM.attributes
                0x000000f2       0x34 ./Core/Src/stm32f4xx_hal_msp.o
 .ARM.attributes
                0x00000126       0x34 ./Core/Src/stm32f4xx_hal_timebase_tim.o
 .ARM.attributes
                0x0000015a       0x34 ./Core/Src/stm32f4xx_it.o
 .ARM.attributes
                0x0000018e       0x34 ./Core/Src/sysmem.o
 .ARM.attributes
                0x000001c2       0x34 ./Core/Src/system_stm32f4xx.o
 .ARM.attributes
                0x000001f6       0x21 ./Core/Startup/startup_stm32f446retx.o
 .ARM.attributes
                0x00000217       0x34 ./Drivers/STM32F4xx_HAL_Driver/Src/stm32f4xx_hal.o
 .ARM.attributes
                0x0000024b       0x34 ./Drivers/STM32F4xx_HAL_Driver/Src/stm32f4xx_hal_cortex.o
 .ARM.attributes
                0x0000027f       0x34 ./Drivers/STM32F4xx_HAL_Driver/Src/stm32f4xx_hal_gpio.o
 .ARM.attributes
                0x000002b3       0x34 ./Drivers/STM32F4xx_HAL_Driver/Src/stm32f4xx_hal_i2c.o
 .ARM.attributes
                0x000002e7       0x34 ./Drivers/STM32F4xx_HAL_Driver/Src/stm32f4xx_hal_rcc.o
 .ARM.attributes
                0x0000031b       0x34 ./Drivers/STM32F4xx_HAL_Driver/Src/stm32f4xx_hal_rcc_ex.o
 .ARM.attributes
                0x0000034f       0x34 ./Drivers/STM32F4xx_HAL_Driver/Src/stm32f4xx_hal_rtc.o
 .ARM.attributes
                0x00000383       0x34 ./Drivers/STM32F4xx_HAL_Driver/Src/stm32f4xx_hal_spi.o
 .ARM.attributes
                0x000003b7       0x34 ./Drivers/STM32F4xx_HAL_Driver/Src/stm32f4xx_hal_tim.o
 .ARM.attributes
                0x000003eb       0x34 ./Drivers/STM32F4xx_HAL_Driver/Src/stm32f4xx_hal_tim_ex.o
 .ARM.attributes
                0x0000041f       0x34 ./Drivers/STM32F4xx_HAL_Driver/Src/stm32f4xx_hal_uart.o
 .ARM.attributes
                0x00000453       0x34 ./Middlewares/Third_Party/FreeRTOS/Source/CMSIS_RTOS_V2/cmsis_os2.o
 .ARM.attributes
                0x00000487       0x34 ./Middlewares/Third_Party/FreeRTOS/Source/list.o
 .ARM.attributes
                0x000004bb       0x34 ./Middlewares/Third_Party/FreeRTOS/Source/queue.o
 .ARM.attributes
                0x000004ef       0x34 ./Middlewares/Third_Party/FreeRTOS/Source/tasks.o
 .ARM.attributes
                0x00000523       0x34 ./Middlewares/Third_Party/FreeRTOS/Source/timers.o
 .ARM.attributes
                0x00000557       0x34 ./Middlewares/Third_Party/FreeRTOS/Source/portable/GCC/ARM_CM4F/port.o
 .ARM.attributes
                0x0000058b       0x34 ./Middlewares/Third_Party/FreeRTOS/Source/portable/MemMang/heap_4.o
 .ARM.attributes
                0x000005bf       0x34 C:/ST/STM32CubeIDE_1.15.1/STM32CubeIDE/plugins/com.st.stm32cube.ide.mcu.externaltools.gnu-tools-for-stm32.12.3.rel1.win32_1.0.100.202403111256/tools/bin/../lib/gcc/arm-none-eabi/12.3.1/../../../../arm-none-eabi/lib/thumb/v7e-m+fp/hard\libc_nano.a(libc_a-findfp.o)
 .ARM.attributes
                0x000005f3       0x34 C:/ST/STM32CubeIDE_1.15.1/STM32CubeIDE/plugins/com.st.stm32cube.ide.mcu.externaltools.gnu-tools-for-stm32.12.3.rel1.win32_1.0.100.202403111256/tools/bin/../lib/gcc/arm-none-eabi/12.3.1/../../../../arm-none-eabi/lib/thumb/v7e-m+fp/hard\libc_nano.a(libc_a-snprintf.o)
 .ARM.attributes
                0x00000627       0x34 C:/ST/STM32CubeIDE_1.15.1/STM32CubeIDE/plugins/com.st.stm32cube.ide.mcu.externaltools.gnu-tools-for-stm32.12.3.rel1.win32_1.0.100.202403111256/tools/bin/../lib/gcc/arm-none-eabi/12.3.1/../../../../arm-none-eabi/lib/thumb/v7e-m+fp/hard\libc_nano.a(libc_a-sprintf.o)
 .ARM.attributes
                0x0000065b       0x34 C:/ST/STM32CubeIDE_1.15.1/STM32CubeIDE/plugins/com.st.stm32cube.ide.mcu.externaltools.gnu-tools-for-stm32.12.3.rel1.win32_1.0.100.202403111256/tools/bin/../lib/gcc/arm-none-eabi/12.3.1/../../../../arm-none-eabi/lib/thumb/v7e-m+fp/hard\libc_nano.a(libc_a-memset.o)
 .ARM.attributes
                0x0000068f       0x34 C:/ST/STM32CubeIDE_1.15.1/STM32CubeIDE/plugins/com.st.stm32cube.ide.mcu.externaltools.gnu-tools-for-stm32.12.3.rel1.win32_1.0.100.202403111256/tools/bin/../lib/gcc/arm-none-eabi/12.3.1/../../../../arm-none-eabi/lib/thumb/v7e-m+fp/hard\libc_nano.a(libc_a-reent.o)
 .ARM.attributes
                0x000006c3       0x34 C:/ST/STM32CubeIDE_1.15.1/STM32CubeIDE/plugins/com.st.stm32cube.ide.mcu.externaltools.gnu-tools-for-stm32.12.3.rel1.win32_1.0.100.202403111256/tools/bin/../lib/gcc/arm-none-eabi/12.3.1/../../../../arm-none-eabi/lib/thumb/v7e-m+fp/hard\libc_nano.a(libc_a-impure.o)
 .ARM.attributes
                0x000006f7       0x34 C:/ST/STM32CubeIDE_1.15.1/STM32CubeIDE/plugins/com.st.stm32cube.ide.mcu.externaltools.gnu-tools-for-stm32.12.3.rel1.win32_1.0.100.202403111256/tools/bin/../lib/gcc/arm-none-eabi/12.3.1/../../../../arm-none-eabi/lib/thumb/v7e-m+fp/hard\libc_nano.a(libc_a-errno.o)
 .ARM.attributes
                0x0000072b       0x34 C:/ST/STM32CubeIDE_1.15.1/STM32CubeIDE/plugins/com.st.stm32cube.ide.mcu.externaltools.gnu-tools-for-stm32.12.3.rel1.win32_1.0.100.202403111256/tools/bin/../lib/gcc/arm-none-eabi/12.3.1/../../../../arm-none-eabi/lib/thumb/v7e-m+fp/hard\libc_nano.a(libc_a-init.o)
 .ARM.attributes
                0x0000075f       0x34 C:/ST/STM32CubeIDE_1.15.1/STM32CubeIDE/plugins/com.st.stm32cube.ide.mcu.externaltools.gnu-tools-for-stm32.12.3.rel1.win32_1.0.100.202403111256/tools/bin/../lib/gcc/arm-none-eabi/12.3.1/../../../../arm-none-eabi/lib/thumb/v7e-m+fp/hard\libc_nano.a(libc_a-lock.o)
 .ARM.attributes
                0x00000793       0x34 C:/ST/STM32CubeIDE_1.15.1/STM32CubeIDE/plugins/com.st.stm32cube.ide.mcu.externaltools.gnu-tools-for-stm32.12.3.rel1.win32_1.0.100.202403111256/tools/bin/../lib/gcc/arm-none-eabi/12.3.1/../../../../arm-none-eabi/lib/thumb/v7e-m+fp/hard\libc_nano.a(libc_a-memcpy-stub.o)
 .ARM.attributes
                0x000007c7       0x17 C:/ST/STM32CubeIDE_1.15.1/STM32CubeIDE/plugins/com.st.stm32cube.ide.mcu.externaltools.gnu-tools-for-stm32.12.3.rel1.win32_1.0.100.202403111256/tools/bin/../lib/gcc/arm-none-eabi/12.3.1/../../../../arm-none-eabi/lib/thumb/v7e-m+fp/hard\libc_nano.a(libc_a-strlen.o)
 .ARM.attributes
                0x000007de       0x34 C:/ST/STM32CubeIDE_1.15.1/STM32CubeIDE/plugins/com.st.stm32cube.ide.mcu.externaltools.gnu-tools-for-stm32.12.3.rel1.win32_1.0.100.202403111256/tools/bin/../lib/gcc/arm-none-eabi/12.3.1/../../../../arm-none-eabi/lib/thumb/v7e-m+fp/hard\libc_nano.a(libc_a-freer.o)
 .ARM.attributes
                0x00000812       0x34 C:/ST/STM32CubeIDE_1.15.1/STM32CubeIDE/plugins/com.st.stm32cube.ide.mcu.externaltools.gnu-tools-for-stm32.12.3.rel1.win32_1.0.100.202403111256/tools/bin/../lib/gcc/arm-none-eabi/12.3.1/../../../../arm-none-eabi/lib/thumb/v7e-m+fp/hard\libc_nano.a(libc_a-mallocr.o)
 .ARM.attributes
                0x00000846       0x34 C:/ST/STM32CubeIDE_1.15.1/STM32CubeIDE/plugins/com.st.stm32cube.ide.mcu.externaltools.gnu-tools-for-stm32.12.3.rel1.win32_1.0.100.202403111256/tools/bin/../lib/gcc/arm-none-eabi/12.3.1/../../../../arm-none-eabi/lib/thumb/v7e-m+fp/hard\libc_nano.a(libc_a-mlock.o)
 .ARM.attributes
                0x0000087a       0x34 C:/ST/STM32CubeIDE_1.15.1/STM32CubeIDE/plugins/com.st.stm32cube.ide.mcu.externaltools.gnu-tools-for-stm32.12.3.rel1.win32_1.0.100.202403111256/tools/bin/../lib/gcc/arm-none-eabi/12.3.1/../../../../arm-none-eabi/lib/thumb/v7e-m+fp/hard\libc_nano.a(libc_a-nano-svfprintf.o)
 .ARM.attributes
                0x000008ae       0x34 C:/ST/STM32CubeIDE_1.15.1/STM32CubeIDE/plugins/com.st.stm32cube.ide.mcu.externaltools.gnu-tools-for-stm32.12.3.rel1.win32_1.0.100.202403111256/tools/bin/../lib/gcc/arm-none-eabi/12.3.1/../../../../arm-none-eabi/lib/thumb/v7e-m+fp/hard\libc_nano.a(libc_a-nano-vfprintf_i.o)
 .ARM.attributes
                0x000008e2       0x34 C:/ST/STM32CubeIDE_1.15.1/STM32CubeIDE/plugins/com.st.stm32cube.ide.mcu.externaltools.gnu-tools-for-stm32.12.3.rel1.win32_1.0.100.202403111256/tools/bin/../lib/gcc/arm-none-eabi/12.3.1/../../../../arm-none-eabi/lib/thumb/v7e-m+fp/hard\libc_nano.a(libc_a-memmove.o)
 .ARM.attributes
                0x00000916       0x34 C:/ST/STM32CubeIDE_1.15.1/STM32CubeIDE/plugins/com.st.stm32cube.ide.mcu.externaltools.gnu-tools-for-stm32.12.3.rel1.win32_1.0.100.202403111256/tools/bin/../lib/gcc/arm-none-eabi/12.3.1/../../../../arm-none-eabi/lib/thumb/v7e-m+fp/hard\libc_nano.a(libc_a-sbrkr.o)
 .ARM.attributes
                0x0000094a       0x1c C:/ST/STM32CubeIDE_1.15.1/STM32CubeIDE/plugins/com.st.stm32cube.ide.mcu.externaltools.gnu-tools-for-stm32.12.3.rel1.win32_1.0.100.202403111256/tools/bin/../lib/gcc/arm-none-eabi/12.3.1/../../../../arm-none-eabi/lib/thumb/v7e-m+fp/hard\libc_nano.a(libc_a-memchr.o)
 .ARM.attributes
                0x00000966       0x34 C:/ST/STM32CubeIDE_1.15.1/STM32CubeIDE/plugins/com.st.stm32cube.ide.mcu.externaltools.gnu-tools-for-stm32.12.3.rel1.win32_1.0.100.202403111256/tools/bin/../lib/gcc/arm-none-eabi/12.3.1/../../../../arm-none-eabi/lib/thumb/v7e-m+fp/hard\libc_nano.a(libc_a-reallocr.o)
 .ARM.attributes
                0x0000099a       0x34 C:/ST/STM32CubeIDE_1.15.1/STM32CubeIDE/plugins/com.st.stm32cube.ide.mcu.externaltools.gnu-tools-for-stm32.12.3.rel1.win32_1.0.100.202403111256/tools/bin/../lib/gcc/arm-none-eabi/12.3.1/../../../../arm-none-eabi/lib/thumb/v7e-m+fp/hard\libc_nano.a(libc_a-msizer.o)
 .ARM.attributes
                0x000009ce       0x22 C:/ST/STM32CubeIDE_1.15.1/STM32CubeIDE/plugins/com.st.stm32cube.ide.mcu.externaltools.gnu-tools-for-stm32.12.3.rel1.win32_1.0.100.202403111256/tools/bin/../lib/gcc/arm-none-eabi/12.3.1/thumb/v7e-m+fp/hard\libgcc.a(_aeabi_uldivmod.o)
 .ARM.attributes
                0x000009f0       0x34 C:/ST/STM32CubeIDE_1.15.1/STM32CubeIDE/plugins/com.st.stm32cube.ide.mcu.externaltools.gnu-tools-for-stm32.12.3.rel1.win32_1.0.100.202403111256/tools/bin/../lib/gcc/arm-none-eabi/12.3.1/thumb/v7e-m+fp/hard\libgcc.a(_udivmoddi4.o)
 .ARM.attributes
                0x00000a24       0x22 C:/ST/STM32CubeIDE_1.15.1/STM32CubeIDE/plugins/com.st.stm32cube.ide.mcu.externaltools.gnu-tools-for-stm32.12.3.rel1.win32_1.0.100.202403111256/tools/bin/../lib/gcc/arm-none-eabi/12.3.1/thumb/v7e-m+fp/hard\libgcc.a(_dvmd_tls.o)
 .ARM.attributes
                0x00000a46       0x22 C:/ST/STM32CubeIDE_1.15.1/STM32CubeIDE/plugins/com.st.stm32cube.ide.mcu.externaltools.gnu-tools-for-stm32.12.3.rel1.win32_1.0.100.202403111256/tools/bin/../lib/gcc/arm-none-eabi/12.3.1/thumb/v7e-m+fp/hard/crtn.o
OUTPUT(FreeRTOS_Smart_Attendence_System.elf elf32-littlearm)
LOAD linker stubs
LOAD C:/ST/STM32CubeIDE_1.15.1/STM32CubeIDE/plugins/com.st.stm32cube.ide.mcu.externaltools.gnu-tools-for-stm32.12.3.rel1.win32_1.0.100.202403111256/tools/bin/../lib/gcc/arm-none-eabi/12.3.1/../../../../arm-none-eabi/lib/thumb/v7e-m+fp/hard\libc.a
LOAD C:/ST/STM32CubeIDE_1.15.1/STM32CubeIDE/plugins/com.st.stm32cube.ide.mcu.externaltools.gnu-tools-for-stm32.12.3.rel1.win32_1.0.100.202403111256/tools/bin/../lib/gcc/arm-none-eabi/12.3.1/../../../../arm-none-eabi/lib/thumb/v7e-m+fp/hard\libm.a
LOAD C:/ST/STM32CubeIDE_1.15.1/STM32CubeIDE/plugins/com.st.stm32cube.ide.mcu.externaltools.gnu-tools-for-stm32.12.3.rel1.win32_1.0.100.202403111256/tools/bin/../lib/gcc/arm-none-eabi/12.3.1/thumb/v7e-m+fp/hard\libgcc.a

.debug_info     0x00000000    0x1eb8b
 .debug_info    0x00000000      0xc4a ./Core/Src/RC522.o
 .debug_info    0x00000c4a      0xc72 ./Core/Src/liquidcrystal_i2c.o
 .debug_info    0x000018bc     0x2528 ./Core/Src/main.o
 .debug_info    0x00003de4     0x1721 ./Core/Src/stm32f4xx_hal_msp.o